Component: ARM Compiler 5.06 update 6 (build 750) Tool: armlink [4d35ed]

==============================================================================

Section Cross References

    startup_stm32h723xx.o(RESET) refers to startup_stm32h723xx.o(STACK) for __initial_sp
    startup_stm32h723xx.o(RESET) refers to startup_stm32h723xx.o(.text) for Reset_Handler
    startup_stm32h723xx.o(RESET) refers to stm32h7xx_it.o(i.NMI_Handler) for NMI_Handler
    startup_stm32h723xx.o(RESET) refers to stm32h7xx_it.o(i.HardFault_Handler) for HardFault_Handler
    startup_stm32h723xx.o(RESET) refers to stm32h7xx_it.o(i.MemManage_Handler) for MemManage_Handler
    startup_stm32h723xx.o(RESET) refers to stm32h7xx_it.o(i.BusFault_Handler) for BusFault_Handler
    startup_stm32h723xx.o(RESET) refers to stm32h7xx_it.o(i.UsageFault_Handler) for UsageFault_Handler
    startup_stm32h723xx.o(RESET) refers to port.o(.emb_text) for SVC_Handler
    startup_stm32h723xx.o(RESET) refers to stm32h7xx_it.o(i.DebugMon_Handler) for DebugMon_Handler
    startup_stm32h723xx.o(RESET) refers to port.o(i.SysTick_Handler) for SysTick_Handler
    startup_stm32h723xx.o(RESET) refers to stm32h7xx_it.o(i.DMA1_Stream0_IRQHandler) for DMA1_Stream0_IRQHandler
    startup_stm32h723xx.o(RESET) refers to stm32h7xx_it.o(i.DMA1_Stream1_IRQHandler) for DMA1_Stream1_IRQHandler
    startup_stm32h723xx.o(RESET) refers to stm32h7xx_it.o(i.FDCAN1_IT0_IRQHandler) for FDCAN1_IT0_IRQHandler
    startup_stm32h723xx.o(RESET) refers to stm32h7xx_it.o(i.FDCAN2_IT0_IRQHandler) for FDCAN2_IT0_IRQHandler
    startup_stm32h723xx.o(RESET) refers to stm32h7xx_it.o(i.TIM2_IRQHandler) for TIM2_IRQHandler
    startup_stm32h723xx.o(RESET) refers to stm32h7xx_it.o(i.SPI2_IRQHandler) for SPI2_IRQHandler
    startup_stm32h723xx.o(RESET) refers to stm32h7xx_it.o(i.FDCAN3_IT0_IRQHandler) for FDCAN3_IT0_IRQHandler
    startup_stm32h723xx.o(.text) refers to system_stm32h7xx.o(i.SystemInit) for SystemInit
    startup_stm32h723xx.o(.text) refers to entry.o(.ARM.Collect$$$$00000000) for __main
    main.o(i.HAL_TIM_PeriodElapsedCallback) refers to stm32h7xx_hal.o(i.HAL_IncTick) for HAL_IncTick
    main.o(i.PeriphCommonClock_Config) refers to memseta.o(.text) for __aeabi_memclr4
    main.o(i.PeriphCommonClock_Config) refers to stm32h7xx_hal_rcc_ex.o(i.HAL_RCCEx_PeriphCLKConfig) for HAL_RCCEx_PeriphCLKConfig
    main.o(i.PeriphCommonClock_Config) refers to main.o(i.Error_Handler) for Error_Handler
    main.o(i.SystemClock_Config) refers to memseta.o(.text) for __aeabi_memclr4
    main.o(i.SystemClock_Config) refers to stm32h7xx_hal_pwr_ex.o(i.HAL_PWREx_ConfigSupply) for HAL_PWREx_ConfigSupply
    main.o(i.SystemClock_Config) refers to stm32h7xx_hal_rcc.o(i.HAL_RCC_OscConfig) for HAL_RCC_OscConfig
    main.o(i.SystemClock_Config) refers to main.o(i.Error_Handler) for Error_Handler
    main.o(i.SystemClock_Config) refers to stm32h7xx_hal_rcc.o(i.HAL_RCC_ClockConfig) for HAL_RCC_ClockConfig
    main.o(i.main) refers to stm32h7xx_hal.o(i.HAL_Init) for HAL_Init
    main.o(i.main) refers to main.o(i.SystemClock_Config) for SystemClock_Config
    main.o(i.main) refers to main.o(i.PeriphCommonClock_Config) for PeriphCommonClock_Config
    main.o(i.main) refers to gpio.o(i.MX_GPIO_Init) for MX_GPIO_Init
    main.o(i.main) refers to dma.o(i.MX_DMA_Init) for MX_DMA_Init
    main.o(i.main) refers to spi.o(i.MX_SPI2_Init) for MX_SPI2_Init
    main.o(i.main) refers to fdcan.o(i.MX_FDCAN1_Init) for MX_FDCAN1_Init
    main.o(i.main) refers to fdcan.o(i.MX_FDCAN2_Init) for MX_FDCAN2_Init
    main.o(i.main) refers to tim.o(i.MX_TIM3_Init) for MX_TIM3_Init
    main.o(i.main) refers to fdcan.o(i.MX_FDCAN3_Init) for MX_FDCAN3_Init
    main.o(i.main) refers to bsp_dwt.o(i.DWT_Init) for DWT_Init
    main.o(i.main) refers to bmi088driver.o(i.BMI088_init) for BMI088_init
    main.o(i.main) refers to stm32h7xx_hal_gpio.o(i.HAL_GPIO_WritePin) for HAL_GPIO_WritePin
    main.o(i.main) refers to can_bsp.o(i.FDCAN1_Config) for FDCAN1_Config
    main.o(i.main) refers to can_bsp.o(i.FDCAN2_Config) for FDCAN2_Config
    main.o(i.main) refers to freertos.o(i.MX_FREERTOS_Init) for MX_FREERTOS_Init
    main.o(i.main) refers to cmsis_os.o(i.osKernelStart) for osKernelStart
    main.o(i.main) refers to spi.o(.bss) for hspi2
    gpio.o(i.MX_GPIO_Init) refers to memseta.o(.text) for __aeabi_memclr4
    gpio.o(i.MX_GPIO_Init) refers to stm32h7xx_hal_gpio.o(i.HAL_GPIO_WritePin) for HAL_GPIO_WritePin
    gpio.o(i.MX_GPIO_Init) refers to stm32h7xx_hal_gpio.o(i.HAL_GPIO_Init) for HAL_GPIO_Init
    freertos.o(i.ChassisL_Task) refers to chassisl_task.o(i.ChassisL_task) for ChassisL_task
    freertos.o(i.ChassisR_Task) refers to chassisr_task.o(i.ChassisR_task) for ChassisR_task
    freertos.o(i.INS_Task) refers to ins_task.o(i.INS_task) for INS_task
    freertos.o(i.MX_FREERTOS_Init) refers to memcpya.o(.text) for __aeabi_memcpy4
[...]
    EXTI9_5_IRQHandler                       0x080003bb   Thumb Code     0  startup_stm32h723xx.o(.text)
    FDCAN1_IT1_IRQHandler                    0x080003bb   Thumb Code     0  startup_stm32h723xx.o(.text)
    FDCAN2_IT1_IRQHandler                    0x080003bb   Thumb Code     0  startup_stm32h723xx.o(.text)
    FDCAN3_IT1_IRQHandler                    0x080003bb   Thumb Code     0  startup_stm32h723xx.o(.text)
    FDCAN_CAL_IRQHandler                     0x080003bb   Thumb Code     0  startup_stm32h723xx.o(.text)
    FLASH_IRQHandler                         0x080003bb   Thumb Code     0  startup_stm32h723xx.o(.text)
    FMAC_IRQHandler                          0x080003bb   Thumb Code     0  startup_stm32h723xx.o(.text)
    FMC_IRQHandler                           0x080003bb   Thumb Code     0  startup_stm32h723xx.o(.text)
    FPU_IRQHandler                           0x080003bb   Thumb Code     0  startup_stm32h723xx.o(.text)
    HSEM1_IRQHandler                         0x080003bb   Thumb Code     0  startup_stm32h723xx.o(.text)
    I2C1_ER_IRQHandler                       0x080003bb   Thumb Code     0  startup_stm32h723xx.o(.text)
    I2C1_EV_IRQHandler                       0x080003bb   Thumb Code     0  startup_stm32h723xx.o(.text)
    I2C2_ER_IRQHandler                       0x080003bb   Thumb Code     0  startup_stm32h723xx.o(.text)
    I2C2_EV_IRQHandler                       0x080003bb   Thumb Code     0  startup_stm32h723xx.o(.text)
    I2C3_ER_IRQHandler                       0x080003bb   Thumb Code     0  startup_stm32h723xx.o(.text)
    I2C3_EV_IRQHandler                       0x080003bb   Thumb Code     0  startup_stm32h723xx.o(.text)
    I2C4_ER_IRQHandler                       0x080003bb   Thumb Code     0  startup_stm32h723xx.o(.text)
    I2C4_EV_IRQHandler                       0x080003bb   Thumb Code     0  startup_stm32h723xx.o(.text)
    I2C5_ER_IRQHandler                       0x080003bb   Thumb Code     0  startup_stm32h723xx.o(.text)
    I2C5_EV_IRQHandler                       0x080003bb   Thumb Code     0  startup_stm32h723xx.o(.text)
    LPTIM1_IRQHandler                        0x080003bb   Thumb Code     0  startup_stm32h723xx.o(.text)
    LPTIM2_IRQHandler                        0x080003bb   Thumb Code     0  startup_stm32h723xx.o(.text)
    LPTIM3_IRQHandler                        0x080003bb   Thumb Code     0  startup_stm32h723xx.o(.text)
    LPTIM4_IRQHandler                        0x080003bb   Thumb Code     0  startup_stm32h723xx.o(.text)
    LPTIM5_IRQHandler                        0x080003bb   Thumb Code     0  startup_stm32h723xx.o(.text)
    LPUART1_IRQHandler                       0x080003bb   Thumb Code     0  startup_stm32h723xx.o(.text)
    LTDC_ER_IRQHandler                       0x080003bb   Thumb Code     0  startup_stm32h723xx.o(.text)
    LTDC_IRQHandler                          0x080003bb   Thumb Code     0  startup_stm32h723xx.o(.text)
    MDIOS_IRQHandler                         0x080003bb   Thumb Code     0  startup_stm32h723xx.o(.text)
    MDIOS_WKUP_IRQHandler                    0x080003bb   Thumb Code     0  startup_stm32h723xx.o(.text)
    MDMA_IRQHandler                          0x080003bb   Thumb Code     0  startup_stm32h723xx.o(.text)
    OCTOSPI1_IRQHandler                      0x080003bb   Thumb Code     0  startup_stm32h723xx.o(.text)
    OCTOSPI2_IRQHandler                      0x080003bb   Thumb Code     0  startup_stm32h723xx.o(.text)
    OTG_HS_EP1_IN_IRQHandler                 0x080003bb   Thumb Code     0  startup_stm32h723xx.o(.text)
    OTG_HS_EP1_OUT_IRQHandler                0x080003bb   Thumb Code     0  startup_stm32h723xx.o(.text)
    OTG_HS_IRQHandler                        0x080003bb   Thumb Code     0  startup_stm32h723xx.o(.text)
    OTG_HS_WKUP_IRQHandler                   0x080003bb   Thumb Code     0  startup_stm32h723xx.o(.text)
    PVD_AVD_IRQHandler                       0x080003bb   Thumb Code     0  startup_stm32h723xx.o(.text)
    RCC_IRQHandler                           0x080003bb   Thumb Code     0  startup_stm32h723xx.o(.text)
    RNG_IRQHandler                           0x080003bb   Thumb Code     0  startup_stm32h723xx.o(.text)
    RTC_Alarm_IRQHandler                     0x080003bb   Thumb Code     0  startup_stm32h723xx.o(.text)
    RTC_WKUP_IRQHandler                      0x080003bb   Thumb Code     0  startup_stm32h723xx.o(.text)
    SAI1_IRQHandler                          0x080003bb   Thumb Code     0  startup_stm32h723xx.o(.text)
    SAI4_IRQHandler                          0x080003bb   Thumb Code     0  startup_stm32h723xx.o(.text)
    SDMMC1_IRQHandler                        0x080003bb   Thumb Code     0  startup_stm32h723xx.o(.text)
    SDMMC2_IRQHandler                        0x080003bb   Thumb Code     0  startup_stm32h723xx.o(.text)
    SPDIF_RX_IRQHandler                      0x080003bb   Thumb Code     0  startup_stm32h723xx.o(.text)
    SPI1_IRQHandler                          0x080003bb   Thumb Code     0  startup_stm32h723xx.o(.text)
    SPI3_IRQHandler                          0x080003bb   Thumb Code     0  startup_stm32h723xx.o(.text)
    SPI4_IRQHandler                          0x080003bb   Thumb Code     0  startup_stm32h723xx.o(.text)
    SPI5_IRQHandler                          0x080003bb   Thumb Code     0  startup_stm32h723xx.o(.text)
    SPI6_IRQHandler                          0x080003bb   Thumb Code     0  startup_stm32h723xx.o(.text)
    SWPMI1_IRQHandler                        0x080003bb   Thumb Code     0  startup_stm32h723xx.o(.text)
    TAMP_STAMP_IRQHandler                    0x080003bb   Thumb Code     0  startup_stm32h723xx.o(.text)
    TIM15_IRQHandler                         0x080003bb   Thumb Code     0  startup_stm32h723xx.o(.text)
    TIM16_IRQHandler                         0x080003bb   Thumb Code     0  startup_stm32h723xx.o(.text)
    TIM17_IRQHandler                         0x080003bb   Thumb Code     0  startup_stm32h723xx.o(.text)
    TIM1_BRK_IRQHandler                      0x080003bb   Thumb Code     0  startup_stm32h723xx.o(.text)
    TIM1_CC_IRQHandler                       0x080003bb   Thumb Code     0  startup_stm32h723xx.o(.text)
    TIM1_TRG_COM_IRQHandler                  0x080003bb   Thumb Code     0  startup_stm32h723xx.o(.text)
    TIM1_UP_IRQHandler                       0x080003bb   Thumb Code     0  startup_stm32h723xx.o(.text)
    TIM23_IRQHandler                         0x080003bb   Thumb Code     0  startup_stm32h723xx.o(.text)
    TIM24_IRQHandler                         0x080003bb   Thumb Code     0  startup_stm32h723xx.o(.text)
    TIM3_IRQHandler                          0x080003bb   Thumb Code     0  startup_stm32h723xx.o(.text)
    TIM4_IRQHandler                          0x080003bb   Thumb Code     0  startup_stm32h723xx.o(.text)
    TIM5_IRQHandler                          0x080003bb   Thumb Code     0  startup_stm32h723xx.o(.text)
    TIM6_DAC_IRQHandler                      0x080003bb   Thumb Code     0  startup_stm32h723xx.o(.text)
    TIM7_IRQHandler                          0x080003bb   Thumb Code     0  startup_stm32h723xx.o(.text)
    TIM8_BRK_TIM12_IRQHandler                0x080003bb   Thumb Code     0  startup_stm32h723xx.o(.text)
    TIM8_CC_IRQHandler                       0x080003bb   Thumb Code     0  startup_stm32h723xx.o(.text)
    TIM8_TRG_COM_TIM14_IRQHandler            0x080003bb   Thumb Code     0  startup_stm32h723xx.o(.text)
    TIM8_UP_TIM13_IRQHandler                 0x080003bb   Thumb Code     0  startup_stm32h723xx.o(.text)
    UART4_IRQHandler                         0x080003bb   Thumb Code     0  startup_stm32h723xx.o(.text)
    UART5_IRQHandler                         0x080003bb   Thumb Code     0  startup_stm32h723xx.o(.text)
    UART7_IRQHandler                         0x080003bb   Thumb Code     0  startup_stm32h723xx.o(.text)
    UART8_IRQHandler                         0x080003bb   Thumb Code     0  startup_stm32h723xx.o(.text)
    UART9_IRQHandler                         0x080003bb   Thumb Code     0  startup_stm32h723xx.o(.text)
    USART10_IRQHandler                       0x080003bb   Thumb Code     0  startup_stm32h723xx.o(.text)
    USART1_IRQHandler                        0x080003bb   Thumb Code     0  startup_stm32h723xx.o(.text)
    USART2_IRQHandler                        0x080003bb   Thumb Code     0  startup_stm32h723xx.o(.text)
    USART3_IRQHandler                        0x080003bb   Thumb Code     0  startup_stm32h723xx.o(.text)
    USART6_IRQHandler                        0x080003bb   Thumb Code     0  startup_stm32h723xx.o(.text)
    WAKEUP_PIN_IRQHandler                    0x080003bb   Thumb Code     0  startup_stm32h723xx.o(.text)
    WWDG_IRQHandler                          0x080003bb   Thumb Code     0  startup_stm32h723xx.o(.text)
    __aeabi_uldivmod                         0x080003c5   Thumb Code    98  uldiv.o(.text)
    __aeabi_memcpy                           0x08000427   Thumb Code    36  memcpya.o(.text)
    __aeabi_memcpy4                          0x08000427   Thumb Code     0  memcpya.o(.text)
    __aeabi_memcpy8                          0x08000427   Thumb Code     0  memcpya.o(.text)
    __aeabi_memset                           0x0800044b   Thumb Code    14  memseta.o(.text)
    __aeabi_memset4                          0x0800044b   Thumb Code     0  memseta.o(.text)
    __aeabi_memset8                          0x0800044b   Thumb Code     0  memseta.o(.text)
    __aeabi_memclr                           0x08000459   Thumb Code     4  memseta.o(.text)
    __aeabi_memclr4                          0x08000459   Thumb Code     0  memseta.o(.text)
    __aeabi_memclr8                          0x08000459   Thumb Code     0  memseta.o(.text)
    memset                                   0x0800045d   Thumb Code    18  memseta.o(.text)
    __aeabi_llsl                             0x0800046f   Thumb Code    30  llshl.o(.text)
    _ll_shift_l                              0x0800046f   Thumb Code     0  llshl.o(.text)
    __aeabi_llsr                             0x0800048d   Thumb Code    32  llushr.o(.text)
    _ll_ushift_r                             0x0800048d   Thumb Code     0  llushr.o(.text)
    __I$use$fp                               0x080004ad   Thumb Code     0  iusefp.o(.text)
    __scatterload                            0x080004ad   Thumb Code    28  init.o(.text)
    __scatterload_rt2                        0x080004ad   Thumb Code     0  init.o(.text)
    __decompress                             0x080004d1   Thumb Code     0  __dczerorl2.o(.text)
    __decompress1                            0x080004d1   Thumb Code    86  __dczerorl2.o(.text)
    arm_cos_f32                              0x08000529   Thumb Code   144  arm_cos_f32.o(.text.arm_cos_f32)
    arm_mat_add_f32                          0x080005b9   Thumb Code   190  arm_mat_add_f32.o(.text.arm_mat_add_f32)
    arm_mat_init_f32                         0x08000677   Thumb Code     8  arm_mat_init_f32.o(.text.arm_mat_init_f32)
    arm_mat_inverse_f32                      0x08000681   Thumb Code   716  arm_mat_inverse_f32.o(.text.arm_mat_inverse_f32)
    arm_mat_mult_f32                         0x0800094d   Thumb Code   304  arm_mat_mult_f32.o(.text.arm_mat_mult_f32)
    arm_mat_sub_f32                          0x08000a7d   Thumb Code   190  arm_mat_sub_f32.o(.text.arm_mat_sub_f32)
    arm_mat_trans_f32                        0x08000b3d   Thumb Code   180  arm_mat_trans_f32.o(.text.arm_mat_trans_f32)
    arm_sin_f32                              0x08000bf1   Thumb Code   140  arm_sin_f32.o(.text.arm_sin_f32)
    BMI088_ACCEL_NS_H                        0x08000c7d   Thumb Code    14  bmi088middleware.o(i.BMI088_ACCEL_NS_H)
    BMI088_ACCEL_NS_L                        0x08000c91   Thumb Code    14  bmi088middleware.o(i.BMI088_ACCEL_NS_L)
    BMI088_GYRO_NS_H                         0x08000ca5   Thumb Code    14  bmi088middleware.o(i.BMI088_GYRO_NS_H)
    BMI088_GYRO_NS_L                         0x08000cb9   Thumb Code    14  bmi088middleware.o(i.BMI088_GYRO_NS_L)
    BMI088_Read                              0x08000ccd   Thumb Code   794  bmi088driver.o(i.BMI088_Read)
    BMI088_init                              0x08000ffd   Thumb Code   142  bmi088driver.o(i.BMI088_init)
    BMI088_read_write_byte                   0x080010fd   Thumb Code    30  bmi088middleware.o(i.BMI088_read_write_byte)
    BodyFrameToEarthFrame                    0x08001135   Thumb Code   346  ins_task.o(i.BodyFrameToEarthFrame)
    BusFault_Handler                         0x0800128f   Thumb Code     4  stm32h7xx_it.o(i.BusFault_Handler)
    ChassisL_Task                            0x08001909   Thumb Code     8  freertos.o(i.ChassisL_Task)
    ChassisL_init                            0x08001911   Thumb Code   166  chassisl_task.o(i.ChassisL_init)
    ChassisL_task                            0x080019c9   Thumb Code   336  chassisl_task.o(i.ChassisL_task)
    ChassisR_Task                            0x08001b39   Thumb Code     8  freertos.o(i.ChassisR_Task)
    ChassisR_init                            0x08001b41   Thumb Code   154  chassisr_task.o(i.ChassisR_init)
    ChassisR_task                            0x08001bed   Thumb Code   342  chassisr_task.o(i.ChassisR_task)
    DMA1_Stream0_IRQHandler                  0x08001d71   Thumb Code    10  stm32h7xx_it.o(i.DMA1_Stream0_IRQHandler)
    DMA1_Stream1_IRQHandler                  0x08001d81   Thumb Code    10  stm32h7xx_it.o(i.DMA1_Stream1_IRQHandler)
    DWT_Delay                                0x080020b9   Thumb Code    50  bsp_dwt.o(i.DWT_Delay)
    DWT_GetDeltaT                            0x080020f5   Thumb Code    68  bsp_dwt.o(i.DWT_GetDeltaT)
    DWT_GetTimeline_s                        0x08002141   Thumb Code    72  bsp_dwt.o(i.DWT_GetTimeline_s)
    DWT_Init                                 0x08002195   Thumb Code    74  bsp_dwt.o(i.DWT_Init)
    DWT_SysTimeUpdate                        0x080021fd   Thumb Code   168  bsp_dwt.o(i.DWT_SysTimeUpdate)
    DebugMon_Handler                         0x080022cd   Thumb Code     2  stm32h7xx_it.o(i.DebugMon_Handler)
    EarthFrameToBodyFrame                    0x080022cf   Thumb Code   346  ins_task.o(i.EarthFrameToBodyFrame)
    Error_Handler                            0x08002429   Thumb Code     6  main.o(i.Error_Handler)
    FDCAN1_Config                            0x08002431   Thumb Code    92  can_bsp.o(i.FDCAN1_Config)
    FDCAN1_IT0_IRQHandler                    0x08002491   Thumb Code    10  stm32h7xx_it.o(i.FDCAN1_IT0_IRQHandler)
    FDCAN2_Config                            0x080024a1   Thumb Code    92  can_bsp.o(i.FDCAN2_Config)
    FDCAN2_IT0_IRQHandler                    0x08002501   Thumb Code    10  stm32h7xx_it.o(i.FDCAN2_IT0_IRQHandler)
    FDCAN3_IT0_IRQHandler                    0x08002511   Thumb Code    10  stm32h7xx_it.o(i.FDCAN3_IT0_IRQHandler)
    HAL_DMA_Abort_IT                         0x08002815   Thumb Code   906  stm32h7xx_hal_dma.o(i.HAL_DMA_Abort_IT)
    HAL_DMA_IRQHandler                       0x08002bad   Thumb Code  2798  stm32h7xx_hal_dma.o(i.HAL_DMA_IRQHandler)
    HAL_DMA_Init                             0x080036a5   Thumb Code  1292  stm32h7xx_hal_dma.o(i.HAL_DMA_Init)
    HAL_Delay                                0x08003bb9   Thumb Code    36  stm32h7xx_hal.o(i.HAL_Delay)
    HAL_FDCAN_ActivateNotification           0x08003be1   Thumb Code   158  stm32h7xx_hal_fdcan.o(i.HAL_FDCAN_ActivateNotification)
    HAL_FDCAN_AddMessageToTxFifoQ            0x08003c89   Thumb Code   144  stm32h7xx_hal_fdcan.o(i.HAL_FDCAN_AddMessageToTxFifoQ)
    HAL_FDCAN_ClockCalibrationCallback       0x08003d19   Thumb Code     2  stm32h7xx_hal_fdcan.o(i.HAL_FDCAN_ClockCalibrationCallback)
    HAL_FDCAN_ConfigFilter                   0x08003d1b   Thumb Code   168  stm32h7xx_hal_fdcan.o(i.HAL_FDCAN_ConfigFilter)
    HAL_FDCAN_ConfigGlobalFilter             0x08003dc3   Thumb Code    52  stm32h7xx_hal_fdcan.o(i.HAL_FDCAN_ConfigGlobalFilter)
    HAL_FDCAN_ErrorCallback                  0x08003df7   Thumb Code     2  stm32h7xx_hal_fdcan.o(i.HAL_FDCAN_ErrorCallback)
    HAL_FDCAN_ErrorStatusCallback            0x08003df9   Thumb Code     2  stm32h7xx_hal_fdcan.o(i.HAL_FDCAN_ErrorStatusCallback)
    HAL_FDCAN_GetRxMessage                   0x08003dfd   Thumb Code   496  stm32h7xx_hal_fdcan.o(i.HAL_FDCAN_GetRxMessage)
    HAL_FDCAN_HighPriorityMessageCallback    0x08003ff1   Thumb Code     2  stm32h7xx_hal_fdcan.o(i.HAL_FDCAN_HighPriorityMessageCallback)
    HAL_FDCAN_IRQHandler                     0x08003ff5   Thumb Code   966  stm32h7xx_hal_fdcan.o(i.HAL_FDCAN_IRQHandler)
    HAL_FDCAN_Init                           0x080043c9   Thumb Code   726  stm32h7xx_hal_fdcan.o(i.HAL_FDCAN_Init)
    HAL_FDCAN_MspInit                        0x080046a9   Thumb Code   408  fdcan.o(i.HAL_FDCAN_MspInit)
    HAL_FDCAN_RxBufferNewMessageCallback     0x0800485d   Thumb Code     2  stm32h7xx_hal_fdcan.o(i.HAL_FDCAN_RxBufferNewMessageCallback)
    HAL_FDCAN_RxFifo0Callback                0x08004861   Thumb Code   108  can_bsp.o(i.HAL_FDCAN_RxFifo0Callback)
    HAL_FDCAN_RxFifo1Callback                0x080048dd   Thumb Code   108  can_bsp.o(i.HAL_FDCAN_RxFifo1Callback)
    HAL_FDCAN_Start                          0x08004959   Thumb Code    52  stm32h7xx_hal_fdcan.o(i.HAL_FDCAN_Start)
    HAL_FDCAN_TT_GlobalTimeCallback          0x0800498d   Thumb Code     2  stm32h7xx_hal_fdcan.o(i.HAL_FDCAN_TT_GlobalTimeCallback)
    HAL_FDCAN_TT_ScheduleSyncCallback        0x0800498f   Thumb Code     2  stm32h7xx_hal_fdcan.o(i.HAL_FDCAN_TT_ScheduleSyncCallback)
    HAL_FDCAN_TT_StopWatchCallback           0x08004991   Thumb Code     2  stm32h7xx_hal_fdcan.o(i.HAL_FDCAN_TT_StopWatchCallback)
    HAL_FDCAN_TT_TimeMarkCallback            0x08004993   Thumb Code     2  stm32h7xx_hal_fdcan.o(i.HAL_FDCAN_TT_TimeMarkCallback)
    HAL_FDCAN_TimeoutOccurredCallback        0x08004995   Thumb Code     2  stm32h7xx_hal_fdcan.o(i.HAL_FDCAN_TimeoutOccurredCallback)
    HAL_FDCAN_TimestampWraparoundCallback    0x08004997   Thumb Code     2  stm32h7xx_hal_fdcan.o(i.HAL_FDCAN_TimestampWraparoundCallback)
    HAL_FDCAN_TxBufferAbortCallback          0x08004999   Thumb Code     2  stm32h7xx_hal_fdcan.o(i.HAL_FDCAN_TxBufferAbortCallback)
    HAL_FDCAN_TxBufferCompleteCallback       0x0800499b   Thumb Code     2  stm32h7xx_hal_fdcan.o(i.HAL_FDCAN_TxBufferCompleteCallback)
    HAL_FDCAN_TxEventFifoCallback            0x0800499d   Thumb Code     2  stm32h7xx_hal_fdcan.o(i.HAL_FDCAN_TxEventFifoCallback)
    HAL_FDCAN_TxFifoEmptyCallback            0x0800499f   Thumb Code     2  stm32h7xx_hal_fdcan.o(i.HAL_FDCAN_TxFifoEmptyCallback)
    HAL_GPIO_Init                            0x080049a1   Thumb Code   446  stm32h7xx_hal_gpio.o(i.HAL_GPIO_Init)
    HAL_GPIO_ReadPin                         0x08004b91   Thumb Code    16  stm32h7xx_hal_gpio.o(i.HAL_GPIO_ReadPin)
    HAL_GPIO_WritePin                        0x08004ba1   Thumb Code    12  stm32h7xx_hal_gpio.o(i.HAL_GPIO_WritePin)
    HAL_GetTick                              0x08004bad   Thumb Code     6  stm32h7xx_hal.o(i.HAL_GetTick)
    HAL_IncTick                              0x08004bb9   Thumb Code    16  stm32h7xx_hal.o(i.HAL_IncTick)
    HAL_Init                                 0x08004bd1   Thumb Code    80  stm32h7xx_hal.o(i.HAL_Init)
    HAL_InitTick                             0x08004c31   Thumb Code   142  stm32h7xx_hal_timebase_tim.o(i.HAL_InitTick)
    HAL_MspInit                              0x08004cd1   Thumb Code    42  stm32h7xx_hal_msp.o(i.HAL_MspInit)
    HAL_NVIC_EnableIRQ                       0x08004d01   Thumb Code    40  stm32h7xx_hal_cortex.o(i.HAL_NVIC_EnableIRQ)
    HAL_NVIC_SetPriority                     0x08004d29   Thumb Code   122  stm32h7xx_hal_cortex.o(i.HAL_NVIC_SetPriority)
    HAL_NVIC_SetPriorityGrouping             0x08004da5   Thumb Code    32  stm32h7xx_hal_cortex.o(i.HAL_NVIC_SetPriorityGrouping)
    HAL_PWREx_ConfigSupply                   0x08004dcd   Thumb Code    90  stm32h7xx_hal_pwr_ex.o(i.HAL_PWREx_ConfigSupply)
    HAL_RCCEx_PeriphCLKConfig                0x08004e2d   Thumb Code  3272  stm32h7xx_hal_rcc_ex.o(i.HAL_RCCEx_PeriphCLKConfig)
    HAL_RCC_ClockConfig                      0x08005af5   Thumb Code   774  stm32h7xx_hal_rcc.o(i.HAL_RCC_ClockConfig)
    HAL_RCC_GetClockConfig                   0x08005e15   Thumb Code    98  stm32h7xx_hal_rcc.o(i.HAL_RCC_GetClockConfig)
    HAL_RCC_GetHCLKFreq                      0x08005e81   Thumb Code    60  stm32h7xx_hal_rcc.o(i.HAL_RCC_GetHCLKFreq)
    HAL_RCC_GetPCLK1Freq                     0x08005ecd   Thumb Code    26  stm32h7xx_hal_rcc.o(i.HAL_RCC_GetPCLK1Freq)
    HAL_RCC_GetSysClockFreq                  0x08005ef1   Thumb Code   524  stm32h7xx_hal_rcc.o(i.HAL_RCC_GetSysClockFreq)
    HAL_RCC_OscConfig                        0x0800611d   Thumb Code  1874  stm32h7xx_hal_rcc.o(i.HAL_RCC_OscConfig)
    HAL_SPI_ErrorCallback                    0x08006879   Thumb Code     2  stm32h7xx_hal_spi.o(i.HAL_SPI_ErrorCallback)
    HAL_SPI_IRQHandler                       0x0800687d   Thumb Code   654  stm32h7xx_hal_spi.o(i.HAL_SPI_IRQHandler)
    HAL_SPI_Init                             0x08006b11   Thumb Code   420  stm32h7xx_hal_spi.o(i.HAL_SPI_Init)
    HAL_SPI_MspInit                          0x08006cc1   Thumb Code   348  spi.o(i.HAL_SPI_MspInit)
    HAL_SPI_RxCpltCallback                   0x08006e39   Thumb Code     2  stm32h7xx_hal_spi.o(i.HAL_SPI_RxCpltCallback)
    HAL_SPI_SuspendCallback                  0x08006e3b   Thumb Code     2  stm32h7xx_hal_spi.o(i.HAL_SPI_SuspendCallback)
    HAL_SPI_TransmitReceive                  0x08006e3d   Thumb Code   770  stm32h7xx_hal_spi.o(i.HAL_SPI_TransmitReceive)
    HAL_SPI_TxCpltCallback                   0x0800713f   Thumb Code     2  stm32h7xx_hal_spi.o(i.HAL_SPI_TxCpltCallback)
    HAL_SPI_TxRxCpltCallback                 0x08007141   Thumb Code     2  stm32h7xx_hal_spi.o(i.HAL_SPI_TxRxCpltCallback)
    HAL_TIMEx_Break2Callback                 0x08007143   Thumb Code     2  stm32h7xx_hal_tim_ex.o(i.HAL_TIMEx_Break2Callback)
    HAL_TIMEx_BreakCallback                  0x08007145   Thumb Code     2  stm32h7xx_hal_tim_ex.o(i.HAL_TIMEx_BreakCallback)
    HAL_TIMEx_CommutCallback                 0x08007147   Thumb Code     2  stm32h7xx_hal_tim_ex.o(i.HAL_TIMEx_CommutCallback)
    HAL_TIMEx_MasterConfigSynchronization    0x08007149   Thumb Code   190  stm32h7xx_hal_tim_ex.o(i.HAL_TIMEx_MasterConfigSynchronization)
    HAL_TIM_Base_Init                        0x0800722d   Thumb Code   110  stm32h7xx_hal_tim.o(i.HAL_TIM_Base_Init)
    HAL_TIM_Base_MspInit                     0x0800729b   Thumb Code     2  stm32h7xx_hal_tim.o(i.HAL_TIM_Base_MspInit)
    HAL_TIM_Base_Start_IT                    0x0800729d   Thumb Code   162  stm32h7xx_hal_tim.o(i.HAL_TIM_Base_Start_IT)
    HAL_TIM_IC_CaptureCallback               0x08007369   Thumb Code     2  stm32h7xx_hal_tim.o(i.HAL_TIM_IC_CaptureCallback)
    HAL_TIM_IRQHandler                       0x0800736b   Thumb Code   440  stm32h7xx_hal_tim.o(i.HAL_TIM_IRQHandler)
    HAL_TIM_MspPostInit                      0x08007525   Thumb Code    78  tim.o(i.HAL_TIM_MspPostInit)
    HAL_TIM_OC_DelayElapsedCallback          0x08007581   Thumb Code     2  stm32h7xx_hal_tim.o(i.HAL_TIM_OC_DelayElapsedCallback)
    HAL_TIM_PWM_ConfigChannel                0x08007583   Thumb Code   368  stm32h7xx_hal_tim.o(i.HAL_TIM_PWM_ConfigChannel)
    HAL_TIM_PWM_Init                         0x080076f3   Thumb Code   110  stm32h7xx_hal_tim.o(i.HAL_TIM_PWM_Init)
    HAL_TIM_PWM_MspInit                      0x08007761   Thumb Code    40  tim.o(i.HAL_TIM_PWM_MspInit)
    HAL_TIM_PWM_PulseFinishedCallback        0x08007791   Thumb Code     2  stm32h7xx_hal_tim.o(i.HAL_TIM_PWM_PulseFinishedCallback)
    HAL_TIM_PeriodElapsedCallback            0x08007793   Thumb Code    18  main.o(i.HAL_TIM_PeriodElapsedCallback)
    HAL_TIM_TriggerCallback                  0x080077a5   Thumb Code     2  stm32h7xx_hal_tim.o(i.HAL_TIM_TriggerCallback)
    HardFault_Handler                        0x080078d9   Thumb Code     4  stm32h7xx_it.o(i.HardFault_Handler)
    INS_Init                                 0x080078dd   Thumb Code    32  ins_task.o(i.INS_Init)
    INS_Task                                 0x08007911   Thumb Code     8  freertos.o(i.INS_Task)
    INS_task                                 0x08007919   Thumb Code   736  ins_task.o(i.INS_task)
    Kalman_Filter_Init                       0x08007c39   Thumb Code  1800  kalman_filter.o(i.Kalman_Filter_Init)
    Kalman_Filter_Measure                    0x08008345   Thumb Code    74  kalman_filter.o(i.Kalman_Filter_Measure)
    Kalman_Filter_P_Update                   0x08008395   Thumb Code   104  kalman_filter.o(i.Kalman_Filter_P_Update)
    Kalman_Filter_PminusUpdate               0x080083fd   Thumb Code   104  kalman_filter.o(i.Kalman_Filter_PminusUpdate)
    Kalman_Filter_SetK                       0x08008465   Thumb Code   210  kalman_filter.o(i.Kalman_Filter_SetK)
    Kalman_Filter_Update                     0x08008539   Thumb Code   294  kalman_filter.o(i.Kalman_Filter_Update)
    Kalman_Filter_xhatMinusUpdate            0x08008665   Thumb Code   124  kalman_filter.o(i.Kalman_Filter_xhatMinusUpdate)
    Kalman_Filter_xhatUpdate                 0x080086e1   Thumb Code   134  kalman_filter.o(i.Kalman_Filter_xhatUpdate)
    LQR_K_calc                               0x08008767   Thumb Code    50  vmc_calc.o(i.LQR_K_calc)
    MX_DMA_Init                              0x08008799   Thumb Code    64  dma.o(i.MX_DMA_Init)
    MX_FDCAN1_Init                           0x080087dd   Thumb Code   120  fdcan.o(i.MX_FDCAN1_Init)
    MX_FDCAN2_Init                           0x0800885d   Thumb Code   118  fdcan.o(i.MX_FDCAN2_Init)
    MX_FDCAN3_Init                           0x080088dd   Thumb Code   120  fdcan.o(i.MX_FDCAN3_Init)
    MX_FREERTOS_Init                         0x0800895d   Thumb Code   150  freertos.o(i.MX_FREERTOS_Init)
    MX_GPIO_Init                             0x08008a11   Thumb Code   356  gpio.o(i.MX_GPIO_Init)
    MX_SPI2_Init                             0x08008b85   Thumb Code    90  spi.o(i.MX_SPI2_Init)
    MX_TIM3_Init                             0x08008be9   Thumb Code   118  tim.o(i.MX_TIM3_Init)
    MemManage_Handler                        0x08008c69   Thumb Code     4  stm32h7xx_it.o(i.MemManage_Handler)
    NMI_Handler                              0x08008c6d   Thumb Code     4  stm32h7xx_it.o(i.NMI_Handler)
    OBSERVE_Task                             0x08008c71   Thumb Code     8  freertos.o(i.OBSERVE_Task)
    Observe_task                             0x08008c79   Thumb Code   364  observe_task.o(i.Observe_task)
    PID_Calc                                 0x08008e1d   Thumb Code   492  pid.o(i.PID_Calc)
    PID_init                                 0x0800900d   Thumb Code    92  pid.o(i.PID_init)
    PS2_AnologData                           0x0800906d   Thumb Code     8  ps2_task.o(i.PS2_AnologData)
    PS2_ClearData                            0x08009079   Thumb Code    20  ps2_task.o(i.PS2_ClearData)
    PS2_Cmd                                  0x08009091   Thumb Code   154  ps2_task.o(i.PS2_Cmd)
    PS2_DataKey                              0x08009141   Thumb Code    70  ps2_task.o(i.PS2_DataKey)
    PS2_EnterConfing                         0x08009195   Thumb Code    96  ps2_task.o(i.PS2_EnterConfing)
    PS2_ExitConfing                          0x080091fd   Thumb Code    96  ps2_task.o(i.PS2_ExitConfing)
    PS2_ReadData                             0x08009265   Thumb Code   188  ps2_task.o(i.PS2_ReadData)
    PS2_SetInit                              0x08009339   Thumb Code    28  ps2_task.o(i.PS2_SetInit)
    PS2_ShortPoll                            0x08009355   Thumb Code    72  ps2_task.o(i.PS2_ShortPoll)
    PS2_Task                                 0x080093a5   Thumb Code     8  freertos.o(i.PS2_Task)
    PS2_TurnOnAnalogMode                     0x080093ad   Thumb Code    88  ps2_task.o(i.PS2_TurnOnAnalogMode)
    PS2_data_process                         0x0800940d   Thumb Code   526  ps2_task.o(i.PS2_data_process)
    PS2_data_read                            0x08009661   Thumb Code   116  ps2_task.o(i.PS2_data_read)
    Pensation_init                           0x080096d5   Thumb Code    44  chassisr_task.o(i.Pensation_init)
    PeriphCommonClock_Config                 0x0800970d   Thumb Code    72  main.o(i.PeriphCommonClock_Config)
    RotationMatrix_update                    0x08009a1d   Thumb Code   302  mahony_filter.o(i.RotationMatrix_update)
    SPI2_IRQHandler                          0x08009b4d   Thumb Code    10  stm32h7xx_it.o(i.SPI2_IRQHandler)
    StartDefaultTask                         0x08009cab   Thumb Code    10  freertos.o(i.StartDefaultTask)
    SysTick_Handler                          0x08009cb5   Thumb Code    46  port.o(i.SysTick_Handler)
    SystemClock_Config                       0x08009ce9   Thumb Code   176  main.o(i.SystemClock_Config)
    SystemInit                               0x08009d9d   Thumb Code   192  system_stm32h7xx.o(i.SystemInit)
    TIM2_IRQHandler                          0x08009e7d   Thumb Code    10  stm32h7xx_it.o(i.TIM2_IRQHandler)
    TIM_Base_SetConfig                       0x08009e8d   Thumb Code   182  stm32h7xx_hal_tim.o(i.TIM_Base_SetConfig)
    TIM_OC2_SetConfig                        0x0800a019   Thumb Code   156  stm32h7xx_hal_tim.o(i.TIM_OC2_SetConfig)
    UsageFault_Handler                       0x0800a2d5   Thumb Code     4  stm32h7xx_it.o(i.UsageFault_Handler)
    VMC_calc_1_left                          0x0800a2d9   Thumb Code   908  vmc_calc.o(i.VMC_calc_1_left)
    VMC_calc_1_right                         0x0800a675   Thumb Code   892  vmc_calc.o(i.VMC_calc_1_right)
    VMC_calc_2                               0x0800aa01   Thumb Code   406  vmc_calc.o(i.VMC_calc_2)
    VMC_init                                 0x0800ab99   Thumb Code    42  vmc_calc.o(i.VMC_init)
    __ARM_fpclassifyf                        0x0800abd1   Thumb Code    38  fpclassifyf.o(i.__ARM_fpclassifyf)
    __hardfp_asinf                           0x0800ac31   Thumb Code   258  asinf.o(i.__hardfp_asinf)
    __hardfp_atan2f                          0x0800ad69   Thumb Code   502  atan2f.o(i.__hardfp_atan2f)
    __hardfp_sqrt                            0x0800afc1   Thumb Code   102  sqrt.o(i.__hardfp_sqrt)
    __hardfp_sqrtf                           0x0800b027   Thumb Code    58  sqrtf.o(i.__hardfp_sqrtf)
    __mathlib_flt_infnan                     0x0800b061   Thumb Code     6  funder.o(i.__mathlib_flt_infnan)
    __mathlib_flt_infnan2                    0x0800b067   Thumb Code     6  funder.o(i.__mathlib_flt_infnan2)
    __mathlib_flt_invalid                    0x0800b06d   Thumb Code    10  funder.o(i.__mathlib_flt_invalid)
    __mathlib_flt_underflow                  0x0800b07d   Thumb Code    10  funder.o(i.__mathlib_flt_underflow)
    __scatterload_copy                       0x0800b08d   Thumb Code    14  handlers.o(i.__scatterload_copy)
    __scatterload_null                       0x0800b09b   Thumb Code     2  handlers.o(i.__scatterload_null)
    __scatterload_zeroinit                   0x0800b09d   Thumb Code    14  handlers.o(i.__scatterload_zeroinit)
    __set_errno                              0x0800b0ad   Thumb Code     6  errno.o(i.__set_errno)
    bmi088_accel_init                        0x0800b0b9   Thumb Code   348  bmi088driver.o(i.bmi088_accel_init)
    bmi088_gyro_init                         0x0800b225   Thumb Code   284  bmi088driver.o(i.bmi088_gyro_init)
    canx_send_data                           0x0800b355   Thumb Code   126  can_bsp.o(i.canx_send_data)
    chassisL_control_loop                    0x0800b3d5   Thumb Code   628  chassisl_task.o(i.chassisL_control_loop)
    chassisL_feedback_update                 0x0800b669   Thumb Code    66  chassisl_task.o(i.chassisL_feedback_update)
    chassisR_control_loop                    0x0800b6b5   Thumb Code   714  chassisr_task.o(i.chassisR_control_loop)
    chassisR_feedback_update                 0x0800b9ad   Thumb Code   134  chassisr_task.o(i.chassisR_feedback_update)
    dm4310_fbdata                            0x0800ba49   Thumb Code   154  dm4310_drv.o(i.dm4310_fbdata)
    dm6215_fbdata                            0x0800bae5   Thumb Code   154  dm4310_drv.o(i.dm6215_fbdata)
    enable_motor_mode                        0x0800bb89   Thumb Code    66  dm4310_drv.o(i.enable_motor_mode)
    float_to_uint                            0x0800bbd5   Thumb Code    50  dm4310_drv.o(i.float_to_uint)
    ground_detectionL                        0x0800bc07   Thumb Code   100  vmc_calc.o(i.ground_detectionL)
    ground_detectionR                        0x0800bc6b   Thumb Code   100  vmc_calc.o(i.ground_detectionR)
    joint_motor_init                         0x0800bccf   Thumb Code     6  dm4310_drv.o(i.joint_motor_init)
    jump_key                                 0x0800bcd5   Thumb Code    50  ps2_task.o(i.jump_key)
    jump_loop_l                              0x0800bd09   Thumb Code   402  chassisl_task.o(i.jump_loop_l)
    jump_loop_r                              0x0800beb1   Thumb Code   558  chassisr_task.o(i.jump_loop_r)
    mahony_init                              0x0800c0f5   Thumb Code    40  mahony_filter.o(i.mahony_init)
    mahony_input                             0x0800c12d   Thumb Code    30  mahony_filter.o(i.mahony_input)
    mahony_output                            0x0800c14b   Thumb Code    74  mahony_filter.o(i.mahony_output)
    mahony_update                            0x0800c195   Thumb Code   646  mahony_filter.o(i.mahony_update)
    main                                     0x0800c41d   Thumb Code   102  main.o(i.main)
    malloc                                   0x0800c49d   Thumb Code    92  malloc.o(i.malloc)
    mit_ctrl                                 0x0800c509   Thumb Code   232  dm4310_drv.o(i.mit_ctrl)
    mit_ctrl2                                0x0800c5f9   Thumb Code   232  dm4310_drv.o(i.mit_ctrl2)
    mySaturate                               0x0800c6f1   Thumb Code    40  chassisr_task.o(i.mySaturate)
    osDelay                                  0x0800c719   Thumb Code    24  cmsis_os.o(i.osDelay)
    osKernelStart                            0x0800c731   Thumb Code    10  cmsis_os.o(i.osKernelStart)
    osThreadCreate                           0x0800c73b   Thumb Code    48  cmsis_os.o(i.osThreadCreate)
    pstwo_task                               0x0800cbb1   Thumb Code    72  ps2_task.o(i.pstwo_task)
    pvPortMalloc                             0x0800cc0d   Thumb Code   306  heap_4.o(i.pvPortMalloc)
    pxPortInitialiseStack                    0x0800cd59   Thumb Code    38  port.o(i.pxPortInitialiseStack)
    roll_pid_init                            0x0800cd85   Thumb Code    24  chassisr_task.o(i.roll_pid_init)
    slope_following                          0x0800cda9   Thumb Code   116  user_lib.o(i.slope_following)
    sqrtf                                    0x0800ce1d   Thumb Code    62  sqrtf.o(i.sqrtf)
    uint_to_float                            0x0800ce5b   Thumb Code    52  dm4310_drv.o(i.uint_to_float)
    uxListRemove                             0x0800ce8f   Thumb Code    40  list.o(i.uxListRemove)
    vListInitialise                          0x0800ceb7   Thumb Code    26  list.o(i.vListInitialise)
    vListInitialiseItem                      0x0800ced1   Thumb Code     6  list.o(i.vListInitialiseItem)
    vListInsert                              0x0800ced7   Thumb Code    52  list.o(i.vListInsert)
    vListInsertEnd                           0x0800cf0b   Thumb Code    24  list.o(i.vListInsertEnd)
    vPortEnterCritical                       0x0800cf25   Thumb Code    76  port.o(i.vPortEnterCritical)
    vPortExitCritical                        0x0800cf79   Thumb Code    56  port.o(i.vPortExitCritical)
    vPortFree                                0x0800cfb5   Thumb Code   150  heap_4.o(i.vPortFree)
    vPortSetupTimerInterrupt                 0x0800d059   Thumb Code    36  port.o(i.vPortSetupTimerInterrupt)
    vTaskDelay                               0x0800d081   Thumb Code    82  tasks.o(i.vTaskDelay)
    vTaskStartScheduler                      0x0800d0dd   Thumb Code   108  tasks.o(i.vTaskStartScheduler)
    vTaskSuspendAll                          0x0800d165   Thumb Code    12  tasks.o(i.vTaskSuspendAll)
    vTaskSwitchContext                       0x0800d175   Thumb Code   118  tasks.o(i.vTaskSwitchContext)
    wheel_motor_init                         0x0800d201   Thumb Code     6  dm4310_drv.o(i.wheel_motor_init)
    xPortStartScheduler                      0x0800d209   Thumb Code   330  port.o(i.xPortStartScheduler)
    xTaskCreate                              0x0800d371   Thumb Code    96  tasks.o(i.xTaskCreate)
    xTaskIncrementTick                       0x0800d3d1   Thumb Code   282  tasks.o(i.xTaskIncrementTick)
    xTaskResumeAll                           0x0800d519   Thumb Code   224  tasks.o(i.xTaskResumeAll)
    xvEstimateKF_Init                        0x0800d61d   Thumb Code    96  observe_task.o(i.xvEstimateKF_Init)
    xvEstimateKF_Update                      0x0800d691   Thumb Code    68  observe_task.o(i.xvEstimateKF_Update)
    D1CorePrescTable                         0x0800d7b4   Data          16  system_stm32h7xx.o(.constdata)
    vaEstimateKF_H                           0x0800d800   Data          16  observe_task.o(.constdata)
    sinTable_f32                             0x0800d864   Data        2052  arm_common_tables.o(.rodata.sinTable_f32)
    Region$$Table$$Base                      0x0800e068   Number         0  anon$$obj.o(Region$$Table)
    Region$$Table$$Limit                     0x0800e088   Number         0  anon$$obj.o(Region$$Table)
    defaultTaskHandle                        0x24000000   Data           4  freertos.o(.data)
    INS_TASKHandle                           0x24000004   Data           4  freertos.o(.data)
    CHASSISR_TASKHandle                      0x24000008   Data           4  freertos.o(.data)
    CHASSISL_TASKHandle                      0x2400000c   Data           4  freertos.o(.data)
    OBSERVE_TASKHandle                       0x24000010   Data           4  freertos.o(.data)
    PS2_TASKHandle                           0x24000014   Data           4  freertos.o(.data)
    uwTick                                   0x2400001c   Data           4  stm32h7xx_hal.o(.data)
    uwTickPrio                               0x24000020   Data           4  stm32h7xx_hal.o(.data)
    uwTickFreq                               0x24000024   Data           1  stm32h7xx_hal.o(.data)
    SystemCoreClock                          0x24000028   Data           4  system_stm32h7xx.o(.data)
    SystemD2Clock                            0x2400002c   Data           4  system_stm32h7xx.o(.data)
    BMI088_ACCEL_SEN                         0x24000030   Data           4  bmi088driver.o(.data)
    BMI088_GYRO_SEN                          0x24000034   Data           4  bmi088driver.o(.data)
    gNormDiff                                0x2400003c   Data           4  bmi088driver.o(.data)
    caliOffset                               0x24000040   Data           1  bmi088driver.o(.data)
    caliCount                                0x24000042   Data           2  bmi088driver.o(.data)
    BMI088_SPI                               0x2400007c   Data           4  bmi088middleware.o(.data)
    sizeof_float                             0x24000090   Data           2  kalman_filter.o(.data)
    sizeof_double                            0x24000092   Data           2  kalman_filter.o(.data)
    pxCurrentTCB                             0x24000094   Data           4  tasks.o(.data)
    gravity                                  0x240000fc   Data          12  ins_task.o(.data)
    INS_DWT_Count                            0x24000108   Data           4  ins_task.o(.data)
    ins_dt                                   0x2400010c   Data           4  ins_task.o(.data)
    ins_time                                 0x24000110   Data           4  ins_task.o(.data)
    stop_time                                0x24000114   Data           4  ins_task.o(.data)
    LQR_K_L                                  0x24000118   Data          48  chassisl_task.o(.data)
    CHASSL_TIME                              0x24000148   Data           4  chassisl_task.o(.data)
    left_flag                                0x2400014c   Data           1  chassisl_task.o(.data)
    LQR_K_R                                  0x24000150   Data          48  chassisr_task.o(.data)
    Poly_Coefficient                         0x24000180   Data         192  chassisr_task.o(.data)
    CHASSR_TIME                              0x24000240   Data           4  chassisr_task.o(.data)
    count_roll                               0x24000244   Data           4  chassisr_task.o(.data)
    right_flag                               0x24000248   Data           1  chassisr_task.o(.data)
    vaEstimateKF_F                           0x2400024c   Data          16  observe_task.o(.data)
    vaEstimateKF_P                           0x2400025c   Data          16  observe_task.o(.data)
    vaEstimateKF_Q                           0x2400026c   Data          16  observe_task.o(.data)
    vaEstimateKF_R                           0x2400027c   Data          16  observe_task.o(.data)
    vel_acc                                  0x2400028c   Data           8  observe_task.o(.data)
    OBSERVE_TIME                             0x24000294   Data           4  observe_task.o(.data)
    Handkey                                  0x240002ac   Data           2  ps2_task.o(.data)
    Comd                                     0x240002ae   Data           2  ps2_task.o(.data)
    MASK                                     0x240002b0   Data          32  ps2_task.o(.data)
    PS2_TIME                                 0x240002d0   Data           4  ps2_task.o(.data)
    reve_flag                                0x240002d4   Data           1  ps2_task.o(.data)
    acc_test                                 0x240002d8   Data           4  ps2_task.o(.data)
    SysTime                                  0x240002e0   Data           8  bsp_dwt.o(.data)
    CYCCNT64                                 0x24000300   Data           8  bsp_dwt.o(.data)
    __microlib_freelist                      0x24000320   Data           4  mvars.o(.data)
    __microlib_freelist_initialised          0x24000324   Data           4  mvars.o(.data)
    hfdcan1                                  0x2400032c   Data         160  fdcan.o(.bss)
    hfdcan2                                  0x240003cc   Data         160  fdcan.o(.bss)
    hfdcan3                                  0x2400046c   Data         160  fdcan.o(.bss)
    hspi2                                    0x2400050c   Data         136  spi.o(.bss)
    hdma_spi2_rx                             0x24000594   Data         120  spi.o(.bss)
    hdma_spi2_tx                             0x2400060c   Data         120  spi.o(.bss)
    htim3                                    0x24000684   Data          76  tim.o(.bss)
    htim2                                    0x240006d0   Data          76  stm32h7xx_hal_timebase_tim.o(.bss)
    gyroDiff                                 0x2400071c   Data          12  bmi088driver.o(.bss)
    BMI088                                   0x24000728   Data          64  bmi088driver.o(.bss)
    INS                                      0x24008058   Data         148  ins_task.o(.bss)
    mahony                                   0x240080ec   Data         132  ins_task.o(.bss)
    Gyro                                     0x24008170   Data          12  ins_task.o(.bss)
    Accel                                    0x2400817c   Data          12  ins_task.o(.bss)
    left                                     0x24008188   Data         172  chassisl_task.o(.bss)
    LegL_Pid                                 0x24008234   Data          72  chassisl_task.o(.bss)
    right                                    0x2400827c   Data         172  chassisr_task.o(.bss)
    chassis_move                             0x24008328   Data         480  chassisr_task.o(.bss)
    LegR_Pid                                 0x24008508   Data          72  chassisr_task.o(.bss)
    Tp_Pid                                   0x24008550   Data          72  chassisr_task.o(.bss)
    Turn_Pid                                 0x24008598   Data          72  chassisr_task.o(.bss)
    RollR_Pid                                0x240085e0   Data          72  chassisr_task.o(.bss)
    vaEstimateKF                             0x24008628   Data         320  observe_task.o(.bss)
    vaEstimateKF_K                           0x24008768   Data          16  observe_task.o(.bss)
    ps2data                                  0x24008778   Data          12  ps2_task.o(.bss)
    Data                                     0x24008784   Data           9  ps2_task.o(.bss)
    RxHeader1                                0x24008790   Data          40  can_bsp.o(.bss)
    g_Can1RxData                             0x240087b8   Data          64  can_bsp.o(.bss)
    RxHeader2                                0x240087f8   Data          40  can_bsp.o(.bss)
    g_Can2RxData                             0x24008820   Data          64  can_bsp.o(.bss)
    __heap_base                              0x24008860   Data           0  startup_stm32h723xx.o(HEAP)
    __heap_limit                             0x24008a60   Data           0  startup_stm32h723xx.o(HEAP)
    __initial_sp                             0x24009260   Data           0  startup_stm32h723xx.o(STACK)



==============================================================================

Memory Map of the image

  Image Entry point : 0x080002cd

  Load Region LR_IROM1 (Base: 0x08000000, Size: 0x0000e3b4, Max: 0x00100000, ABSOLUTE, COMPRESSED[0x0000e214])

    Execution Region ER_IROM1 (Exec base: 0x08000000, Load base: 0x08000000, Size: 0x0000e088, Max: 0x00100000, ABSOLUTE)

    Exec Addr    Load Addr    Size         Type   Attr      Idx    E Section Name        Object

    0x08000000   0x08000000   0x000002cc   Data   RO            3    RESET               startup_stm32h723xx.o
    0x080002cc   0x080002cc   0x00000000   Code   RO         8137  * .ARM.Collect$$$$00000000  mc_w.l(entry.o)
    0x080002cc   0x080002cc   0x00000004   Code   RO         8194    .ARM.Collect$$$$00000001  mc_w.l(entry2.o)
    0x080002d0   0x080002d0   0x00000004   Code   RO         8197    .ARM.Collect$$$$00000004  mc_w.l(entry5.o)
    0x080002d4   0x080002d4   0x00000000   Code   RO         8199    .ARM.Collect$$$$00000008  mc_w.l(entry7b.o)
    0x080002d4   0x080002d4   0x00000000   Code   RO         8201    .ARM.Collect$$$$0000000A  mc_w.l(entry8b.o)
    0x080002d4   0x080002d4   0x00000008   Code   RO         8202    .ARM.Collect$$$$0000000B  mc_w.l(entry9a.o)
    0x080002dc   0x080002dc   0x00000000   Code   RO         8204    .ARM.Collect$$$$0000000D  mc_w.l(entry10a.o)
    0x080002dc   0x080002dc   0x00000000   Code   RO         8206    .ARM.Collect$$$$0000000F  mc_w.l(entry11a.o)
    0x080002dc   0x080002dc   0x00000004   Code   RO         8195    .ARM.Collect$$$$00002712  mc_w.l(entry2.o)
    0x080002e0   0x080002e0   0x000000be   Code   RO         7165    .emb_text           port.o
    0x0800039e   0x0800039e   0x00000002   PAD
    0x080003a0   0x080003a0   0x00000024   Code   RO            4    .text               startup_stm32h723xx.o
    0x080003c4   0x080003c4   0x00000062   Code   RO         8140    .text               mc_w.l(uldiv.o)
    0x08000426   0x08000426   0x00000024   Code   RO         8142    .text               mc_w.l(memcpya.o)
    0x0800044a   0x0800044a   0x00000024   Code   RO         8146    .text               mc_w.l(memseta.o)
    0x0800046e   0x0800046e   0x0000001e   Code   RO         8208    .text               mc_w.l(llshl.o)
    0x0800048c   0x0800048c   0x00000020   Code   RO         8210    .text               mc_w.l(llushr.o)
    0x080004ac   0x080004ac   0x00000000   Code   RO         8221    .text               mc_w.l(iusefp.o)
    0x080004ac   0x080004ac   0x00000024   Code   RO         8222    .text               mc_w.l(init.o)
    0x080004d0   0x080004d0   0x00000056   Code   RO         8232    .text               mc_w.l(__dczerorl2.o)
    0x08000526   0x08000526   0x00000002   PAD
    0x08000528   0x08000528   0x00000090   Code   RO         7904    .text.arm_cos_f32   arm_cortexM7lfdp_math.lib(arm_cos_f32.o)
    0x080005b8   0x080005b8   0x000000be   Code   RO         7924    .text.arm_mat_add_f32  arm_cortexM7lfdp_math.lib(arm_mat_add_f32.o)
    0x08000676   0x08000676   0x00000008   Code   RO         7934    .text.arm_mat_init_f32  arm_cortexM7lfdp_math.lib(arm_mat_init_f32.o)
    0x0800067e   0x0800067e   0x00000002   PAD
    0x08000680   0x08000680   0x000002cc   Code   RO         7943    .text.arm_mat_inverse_f32  arm_cortexM7lfdp_math.lib(arm_mat_inverse_f32.o)
    0x0800094c   0x0800094c   0x00000130   Code   RO         7953    .text.arm_mat_mult_f32  arm_cortexM7lfdp_math.lib(arm_mat_mult_f32.o)
    0x08000a7c   0x08000a7c   0x000000be   Code   RO         7963    .text.arm_mat_sub_f32  arm_cortexM7lfdp_math.lib(arm_mat_sub_f32.o)
    0x08000b3a   0x08000b3a   0x00000002   PAD
    0x08000b3c   0x08000b3c   0x000000b4   Code   RO         7973    .text.arm_mat_trans_f32  arm_cortexM7lfdp_math.lib(arm_mat_trans_f32.o)
    0x08000bf0   0x08000bf0   0x0000008c   Code   RO         7914    .text.arm_sin_f32   arm_cortexM7lfdp_math.lib(arm_sin_f32.o)
    0x08000c7c   0x08000c7c   0x00000014   Code   RO         5347    i.BMI088_ACCEL_NS_H  bmi088middleware.o
    0x08000c90   0x08000c90   0x00000014   Code   RO         5348    i.BMI088_ACCEL_NS_L  bmi088middleware.o
    0x08000ca4   0x08000ca4   0x00000014   Code   RO         5349    i.BMI088_GYRO_NS_H  bmi088middleware.o
    0x08000cb8   0x08000cb8   0x00000014   Code   RO         5350    i.BMI088_GYRO_NS_L  bmi088middleware.o
    0x08000ccc   0x08000ccc   0x00000330   Code   RO         5257    i.BMI088_Read       bmi088driver.o
    0x08000ffc   0x08000ffc   0x000000c0   Code   RO         5258    i.BMI088_init       bmi088driver.o
    0x080010bc   0x080010bc   0x00000026   Code   RO         5259    i.BMI088_read_muli_reg  bmi088driver.o
    0x080010e2   0x080010e2   0x00000018   Code   RO         5260    i.BMI088_read_single_reg  bmi088driver.o
    0x080010fa   0x080010fa   0x00000002   PAD
    0x080010fc   0x080010fc   0x00000024   Code   RO         5351    i.BMI088_read_write_byte  bmi088middleware.o
    0x08001120   0x08001120   0x00000014   Code   RO         5261    i.BMI088_write_single_reg  bmi088driver.o
    0x08001134   0x08001134   0x0000015a   Code   RO         7245    i.BodyFrameToEarthFrame  ins_task.o
    0x0800128e   0x0800128e   0x00000004   Code   RO          567    i.BusFault_Handler  stm32h7xx_it.o
    0x08001292   0x08001292   0x00000002   PAD
    0x08001294   0x08001294   0x00000674   Code   RO         5262    i.Calibrate_MPU_Offset  bmi088driver.o
    0x08001908   0x08001908   0x00000008   Code   RO          296    i.ChassisL_Task     freertos.o
    0x08001910   0x08001910   0x000000b8   Code   RO         7304    i.ChassisL_init     chassisl_task.o
    0x080019c8   0x080019c8   0x00000170   Code   RO         7305    i.ChassisL_task     chassisl_task.o
    0x08001b38   0x08001b38   0x00000008   Code   RO          297    i.ChassisR_Task     freertos.o
    0x08001b40   0x08001b40   0x000000ac   Code   RO         7364    i.ChassisR_init     chassisr_task.o
    0x08001bec   0x08001bec   0x00000184   Code   RO         7365    i.ChassisR_task     chassisr_task.o
    0x08001d70   0x08001d70   0x00000010   Code   RO          568    i.DMA1_Stream0_IRQHandler  stm32h7xx_it.o
    0x08001d80   0x08001d80   0x00000010   Code   RO          569    i.DMA1_Stream1_IRQHandler  stm32h7xx_it.o
    0x08001d90   0x08001d90   0x000000ec   Code   RO         1596    i.DMA_CalcBaseAndBitshift  stm32h7xx_hal_dma.o
    0x08001e7c   0x08001e7c   0x000000c4   Code   RO         1597    i.DMA_CalcDMAMUXChannelBaseAndMask  stm32h7xx_hal_dma.o
    0x08001f40   0x08001f40   0x00000098   Code   RO         1598    i.DMA_CalcDMAMUXRequestGenBaseAndMask  stm32h7xx_hal_dma.o
    0x08001fd8   0x08001fd8   0x000000ae   Code   RO         1599    i.DMA_CheckFifoParam  stm32h7xx_hal_dma.o
    0x08002086   0x08002086   0x00000002   PAD
    0x08002088   0x08002088   0x00000030   Code   RO         7612    i.DWT_CNT_Update    bsp_dwt.o
    0x080020b8   0x080020b8   0x0000003c   Code   RO         7613    i.DWT_Delay         bsp_dwt.o
    0x080020f4   0x080020f4   0x0000004c   Code   RO         7614    i.DWT_GetDeltaT     bsp_dwt.o
    0x08002140   0x08002140   0x00000054   Code   RO         7617    i.DWT_GetTimeline_s  bsp_dwt.o
    0x08002194   0x08002194   0x00000068   Code   RO         7619    i.DWT_Init          bsp_dwt.o
    0x080021fc   0x080021fc   0x000000d0   Code   RO         7620    i.DWT_SysTimeUpdate  bsp_dwt.o
    0x080022cc   0x080022cc   0x00000002   Code   RO          570    i.DebugMon_Handler  stm32h7xx_it.o
    0x080022ce   0x080022ce   0x0000015a   Code   RO         7246    i.EarthFrameToBodyFrame  ins_task.o
    0x08002428   0x08002428   0x00000006   Code   RO           13    i.Error_Handler     main.o
    0x0800242e   0x0800242e   0x00000002   PAD
    0x08002430   0x08002430   0x00000060   Code   RO         7689    i.FDCAN1_Config     can_bsp.o
    0x08002490   0x08002490   0x00000010   Code   RO          571    i.FDCAN1_IT0_IRQHandler  stm32h7xx_it.o
    0x080024a0   0x080024a0   0x00000060   Code   RO         7690    i.FDCAN2_Config     can_bsp.o
    0x08002500   0x08002500   0x00000010   Code   RO          572    i.FDCAN2_IT0_IRQHandler  stm32h7xx_it.o
    0x08002510   0x08002510   0x00000010   Code   RO          573    i.FDCAN3_IT0_IRQHandler  stm32h7xx_it.o
    0x08002520   0x08002520   0x00000220   Code   RO         3237    i.FDCAN_CalcultateRamBlockAddresses  stm32h7xx_hal_fdcan.o
    0x08002740   0x08002740   0x000000d4   Code   RO         3238    i.FDCAN_CopyMessageToRAM  stm32h7xx_hal_fdcan.o
    0x08002814   0x08002814   0x00000398   Code   RO         1602    i.HAL_DMA_Abort_IT  stm32h7xx_hal_dma.o
    0x08002bac   0x08002bac   0x00000af8   Code   RO         1606    i.HAL_DMA_IRQHandler  stm32h7xx_hal_dma.o
    0x080036a4   0x080036a4   0x00000514   Code   RO         1607    i.HAL_DMA_Init      stm32h7xx_hal_dma.o
    0x08003bb8   0x08003bb8   0x00000028   Code   RO         2298    i.HAL_Delay         stm32h7xx_hal.o
    0x08003be0   0x08003be0   0x000000a8   Code   RO         3240    i.HAL_FDCAN_ActivateNotification  stm32h7xx_hal_fdcan.o
    0x08003c88   0x08003c88   0x00000090   Code   RO         3242    i.HAL_FDCAN_AddMessageToTxFifoQ  stm32h7xx_hal_fdcan.o
    0x08003d18   0x08003d18   0x00000002   Code   RO         3243    i.HAL_FDCAN_ClockCalibrationCallback  stm32h7xx_hal_fdcan.o
    0x08003d1a   0x08003d1a   0x000000a8   Code   RO         3247    i.HAL_FDCAN_ConfigFilter  stm32h7xx_hal_fdcan.o
    0x08003dc2   0x08003dc2   0x00000034   Code   RO         3248    i.HAL_FDCAN_ConfigGlobalFilter  stm32h7xx_hal_fdcan.o
    0x08003df6   0x08003df6   0x00000002   Code   RO         3269    i.HAL_FDCAN_ErrorCallback  stm32h7xx_hal_fdcan.o
    0x08003df8   0x08003df8   0x00000002   Code   RO         3270    i.HAL_FDCAN_ErrorStatusCallback  stm32h7xx_hal_fdcan.o
    0x08003dfa   0x08003dfa   0x00000002   PAD
    0x08003dfc   0x08003dfc   0x000001f4   Code   RO         3281    i.HAL_FDCAN_GetRxMessage  stm32h7xx_hal_fdcan.o
    0x08003ff0   0x08003ff0   0x00000002   Code   RO         3287    i.HAL_FDCAN_HighPriorityMessageCallback  stm32h7xx_hal_fdcan.o
    0x08003ff2   0x08003ff2   0x00000002   PAD
    0x08003ff4   0x08003ff4   0x000003d4   Code   RO         3288    i.HAL_FDCAN_IRQHandler  stm32h7xx_hal_fdcan.o
    0x080043c8   0x080043c8   0x000002e0   Code   RO         3289    i.HAL_FDCAN_Init    stm32h7xx_hal_fdcan.o
    0x080046a8   0x080046a8   0x000001b4   Code   RO          423    i.HAL_FDCAN_MspInit  fdcan.o
    0x0800485c   0x0800485c   0x00000002   Code   RO         3298    i.HAL_FDCAN_RxBufferNewMessageCallback  stm32h7xx_hal_fdcan.o
    0x0800485e   0x0800485e   0x00000002   PAD
    0x08004860   0x08004860   0x0000007c   Code   RO         7691    i.HAL_FDCAN_RxFifo0Callback  can_bsp.o
    0x080048dc   0x080048dc   0x0000007c   Code   RO         7692    i.HAL_FDCAN_RxFifo1Callback  can_bsp.o
    0x08004958   0x08004958   0x00000034   Code   RO         3301    i.HAL_FDCAN_Start   stm32h7xx_hal_fdcan.o
    0x0800498c   0x0800498c   0x00000002   Code   RO         3323    i.HAL_FDCAN_TT_GlobalTimeCallback  stm32h7xx_hal_fdcan.o
    0x0800498e   0x0800498e   0x00000002   Code   RO         3324    i.HAL_FDCAN_TT_ScheduleSyncCallback  stm32h7xx_hal_fdcan.o
    0x08004990   0x08004990   0x00000002   Code   RO         3329    i.HAL_FDCAN_TT_StopWatchCallback  stm32h7xx_hal_fdcan.o
    0x08004992   0x08004992   0x00000002   Code   RO         3330    i.HAL_FDCAN_TT_TimeMarkCallback  stm32h7xx_hal_fdcan.o
    0x08004994   0x08004994   0x00000002   Code   RO         3331    i.HAL_FDCAN_TimeoutOccurredCallback  stm32h7xx_hal_fdcan.o
    0x08004996   0x08004996   0x00000002   Code   RO         3332    i.HAL_FDCAN_TimestampWraparoundCallback  stm32h7xx_hal_fdcan.o
    0x08004998   0x08004998   0x00000002   Code   RO         3333    i.HAL_FDCAN_TxBufferAbortCallback  stm32h7xx_hal_fdcan.o
    0x0800499a   0x0800499a   0x00000002   Code   RO         3334    i.HAL_FDCAN_TxBufferCompleteCallback  stm32h7xx_hal_fdcan.o
    0x0800499c   0x0800499c   0x00000002   Code   RO         3335    i.HAL_FDCAN_TxEventFifoCallback  stm32h7xx_hal_fdcan.o
    0x0800499e   0x0800499e   0x00000002   Code   RO         3336    i.HAL_FDCAN_TxFifoEmptyCallback  stm32h7xx_hal_fdcan.o
    0x080049a0   0x080049a0   0x000001f0   Code   RO         1449    i.HAL_GPIO_Init     stm32h7xx_hal_gpio.o
    0x08004b90   0x08004b90   0x00000010   Code   RO         1451    i.HAL_GPIO_ReadPin  stm32h7xx_hal_gpio.o
    0x08004ba0   0x08004ba0   0x0000000c   Code   RO         1453    i.HAL_GPIO_WritePin  stm32h7xx_hal_gpio.o
    0x08004bac   0x08004bac   0x0000000c   Code   RO         2314    i.HAL_GetTick       stm32h7xx_hal.o
    0x08004bb8   0x08004bb8   0x00000018   Code   RO         2320    i.HAL_IncTick       stm32h7xx_hal.o
    0x08004bd0   0x08004bd0   0x00000060   Code   RO         2321    i.HAL_Init          stm32h7xx_hal.o
    0x08004c30   0x08004c30   0x000000a0   Code   RO          691    i.HAL_InitTick      stm32h7xx_hal_timebase_tim.o
    0x08004cd0   0x08004cd0   0x00000030   Code   RO          667    i.HAL_MspInit       stm32h7xx_hal_msp.o
    0x08004d00   0x08004d00   0x00000028   Code   RO          736    i.HAL_NVIC_EnableIRQ  stm32h7xx_hal_cortex.o
    0x08004d28   0x08004d28   0x0000007a   Code   RO          742    i.HAL_NVIC_SetPriority  stm32h7xx_hal_cortex.o
    0x08004da2   0x08004da2   0x00000002   PAD
    0x08004da4   0x08004da4   0x00000028   Code   RO          743    i.HAL_NVIC_SetPriorityGrouping  stm32h7xx_hal_cortex.o
    0x08004dcc   0x08004dcc   0x00000060   Code   RO         2050    i.HAL_PWREx_ConfigSupply  stm32h7xx_hal_pwr_ex.o
    0x08004e2c   0x08004e2c   0x00000cc8   Code   RO         1001    i.HAL_RCCEx_PeriphCLKConfig  stm32h7xx_hal_rcc_ex.o
    0x08005af4   0x08005af4   0x00000320   Code   RO          877    i.HAL_RCC_ClockConfig  stm32h7xx_hal_rcc.o
    0x08005e14   0x08005e14   0x0000006c   Code   RO          881    i.HAL_RCC_GetClockConfig  stm32h7xx_hal_rcc.o
    0x08005e80   0x08005e80   0x0000004c   Code   RO          882    i.HAL_RCC_GetHCLKFreq  stm32h7xx_hal_rcc.o
    0x08005ecc   0x08005ecc   0x00000024   Code   RO          884    i.HAL_RCC_GetPCLK1Freq  stm32h7xx_hal_rcc.o
    0x08005ef0   0x08005ef0   0x0000022c   Code   RO          886    i.HAL_RCC_GetSysClockFreq  stm32h7xx_hal_rcc.o
    0x0800611c   0x0800611c   0x0000075c   Code   RO          889    i.HAL_RCC_OscConfig  stm32h7xx_hal_rcc.o
    0x08006878   0x08006878   0x00000002   Code   RO         3862    i.HAL_SPI_ErrorCallback  stm32h7xx_hal_spi.o
    0x0800687a   0x0800687a   0x00000002   PAD
    0x0800687c   0x0800687c   0x00000294   Code   RO         3865    i.HAL_SPI_IRQHandler  stm32h7xx_hal_spi.o
    0x08006b10   0x08006b10   0x000001b0   Code   RO         3866    i.HAL_SPI_Init      stm32h7xx_hal_spi.o
    0x08006cc0   0x08006cc0   0x00000178   Code   RO          478    i.HAL_SPI_MspInit   spi.o
    0x08006e38   0x08006e38   0x00000002   Code   RO         3872    i.HAL_SPI_RxCpltCallback  stm32h7xx_hal_spi.o
    0x08006e3a   0x08006e3a   0x00000002   Code   RO         3874    i.HAL_SPI_SuspendCallback  stm32h7xx_hal_spi.o
    0x08006e3c   0x08006e3c   0x00000302   Code   RO         3876    i.HAL_SPI_TransmitReceive  stm32h7xx_hal_spi.o
    0x0800713e   0x0800713e   0x00000002   Code   RO         3881    i.HAL_SPI_TxCpltCallback  stm32h7xx_hal_spi.o
    0x08007140   0x08007140   0x00000002   Code   RO         3883    i.HAL_SPI_TxRxCpltCallback  stm32h7xx_hal_spi.o
    0x08007142   0x08007142   0x00000002   Code   RO         4916    i.HAL_TIMEx_Break2Callback  stm32h7xx_hal_tim_ex.o
    0x08007144   0x08007144   0x00000002   Code   RO         4917    i.HAL_TIMEx_BreakCallback  stm32h7xx_hal_tim_ex.o
    0x08007146   0x08007146   0x00000002   Code   RO         4918    i.HAL_TIMEx_CommutCallback  stm32h7xx_hal_tim_ex.o
    0x08007148   0x08007148   0x000000e4   Code   RO         4939    i.HAL_TIMEx_MasterConfigSynchronization  stm32h7xx_hal_tim_ex.o
    0x0800722c   0x0800722c   0x0000006e   Code   RO         4191    i.HAL_TIM_Base_Init  stm32h7xx_hal_tim.o
    0x0800729a   0x0800729a   0x00000002   Code   RO         4193    i.HAL_TIM_Base_MspInit  stm32h7xx_hal_tim.o
    0x0800729c   0x0800729c   0x000000cc   Code   RO         4196    i.HAL_TIM_Base_Start_IT  stm32h7xx_hal_tim.o
    0x08007368   0x08007368   0x00000002   Code   RO         4225    i.HAL_TIM_IC_CaptureCallback  stm32h7xx_hal_tim.o
    0x0800736a   0x0800736a   0x000001b8   Code   RO         4239    i.HAL_TIM_IRQHandler  stm32h7xx_hal_tim.o
    0x08007522   0x08007522   0x00000002   PAD
    0x08007524   0x08007524   0x0000005c   Code   RO          519    i.HAL_TIM_MspPostInit  tim.o
    0x08007580   0x08007580   0x00000002   Code   RO         4242    i.HAL_TIM_OC_DelayElapsedCallback  stm32h7xx_hal_tim.o
    0x08007582   0x08007582   0x00000170   Code   RO         4263    i.HAL_TIM_PWM_ConfigChannel  stm32h7xx_hal_tim.o
    0x080076f2   0x080076f2   0x0000006e   Code   RO         4266    i.HAL_TIM_PWM_Init  stm32h7xx_hal_tim.o
    0x08007760   0x08007760   0x00000030   Code   RO          521    i.HAL_TIM_PWM_MspInit  tim.o
    0x08007790   0x08007790   0x00000002   Code   RO         4269    i.HAL_TIM_PWM_PulseFinishedCallback  stm32h7xx_hal_tim.o
    0x08007792   0x08007792   0x00000012   Code   RO           14    i.HAL_TIM_PeriodElapsedCallback  main.o
    0x080077a4   0x080077a4   0x00000002   Code   RO         4282    i.HAL_TIM_TriggerCallback  stm32h7xx_hal_tim.o
    0x080077a6   0x080077a6   0x00000002   PAD
    0x080077a8   0x080077a8   0x00000130   Code   RO         5714    i.H_K_R_Adjustment  kalman_filter.o
    0x080078d8   0x080078d8   0x00000004   Code   RO          574    i.HardFault_Handler  stm32h7xx_it.o
    0x080078dc   0x080078dc   0x00000034   Code   RO         7247    i.INS_Init          ins_task.o
    0x08007910   0x08007910   0x00000008   Code   RO          298    i.INS_Task          freertos.o
    0x08007918   0x08007918   0x00000320   Code   RO         7248    i.INS_task          ins_task.o
    0x08007c38   0x08007c38   0x0000070c   Code   RO         5715    i.Kalman_Filter_Init  kalman_filter.o
    0x08008344   0x08008344   0x00000050   Code   RO         5716    i.Kalman_Filter_Measure  kalman_filter.o
    0x08008394   0x08008394   0x00000068   Code   RO         5717    i.Kalman_Filter_P_Update  kalman_filter.o
    0x080083fc   0x080083fc   0x00000068   Code   RO         5718    i.Kalman_Filter_PminusUpdate  kalman_filter.o
    0x08008464   0x08008464   0x000000d2   Code   RO         5719    i.Kalman_Filter_SetK  kalman_filter.o
    0x08008536   0x08008536   0x00000002   PAD
    0x08008538   0x08008538   0x0000012c   Code   RO         5720    i.Kalman_Filter_Update  kalman_filter.o
    0x08008664   0x08008664   0x0000007c   Code   RO         5721    i.Kalman_Filter_xhatMinusUpdate  kalman_filter.o
    0x080086e0   0x080086e0   0x00000086   Code   RO         5722    i.Kalman_Filter_xhatUpdate  kalman_filter.o
    0x08008766   0x08008766   0x00000032   Code   RO         5646    i.LQR_K_calc        vmc_calc.o
    0x08008798   0x08008798   0x00000044   Code   RO          398    i.MX_DMA_Init       dma.o
    0x080087dc   0x080087dc   0x00000080   Code   RO          424    i.MX_FDCAN1_Init    fdcan.o
    0x0800885c   0x0800885c   0x00000080   Code   RO          425    i.MX_FDCAN2_Init    fdcan.o
    0x080088dc   0x080088dc   0x00000080   Code   RO          426    i.MX_FDCAN3_Init    fdcan.o
    0x0800895c   0x0800895c   0x000000b4   Code   RO          299    i.MX_FREERTOS_Init  freertos.o
    0x08008a10   0x08008a10   0x00000174   Code   RO          272    i.MX_GPIO_Init      gpio.o
    0x08008b84   0x08008b84   0x00000064   Code   RO          479    i.MX_SPI2_Init      spi.o
    0x08008be8   0x08008be8   0x00000080   Code   RO          522    i.MX_TIM3_Init      tim.o
    0x08008c68   0x08008c68   0x00000004   Code   RO          575    i.MemManage_Handler  stm32h7xx_it.o
    0x08008c6c   0x08008c6c   0x00000004   Code   RO          576    i.NMI_Handler       stm32h7xx_it.o
    0x08008c70   0x08008c70   0x00000008   Code   RO          300    i.OBSERVE_Task      freertos.o
    0x08008c78   0x08008c78   0x000001a4   Code   RO         7436    i.Observe_task      observe_task.o
    0x08008e1c   0x08008e1c   0x000001f0   Code   RO         5936    i.PID_Calc          pid.o
    0x0800900c   0x0800900c   0x00000060   Code   RO         5938    i.PID_init          pid.o
    0x0800906c   0x0800906c   0x0000000c   Code   RO         7481    i.PS2_AnologData    ps2_task.o
    0x08009078   0x08009078   0x00000018   Code   RO         7482    i.PS2_ClearData     ps2_task.o
    0x08009090   0x08009090   0x000000b0   Code   RO         7483    i.PS2_Cmd           ps2_task.o
    0x08009140   0x08009140   0x00000054   Code   RO         7484    i.PS2_DataKey       ps2_task.o
    0x08009194   0x08009194   0x00000068   Code   RO         7485    i.PS2_EnterConfing  ps2_task.o
    0x080091fc   0x080091fc   0x00000068   Code   RO         7486    i.PS2_ExitConfing   ps2_task.o
    0x08009264   0x08009264   0x000000d4   Code   RO         7487    i.PS2_ReadData      ps2_task.o
    0x08009338   0x08009338   0x0000001c   Code   RO         7489    i.PS2_SetInit       ps2_task.o
    0x08009354   0x08009354   0x00000050   Code   RO         7490    i.PS2_ShortPoll     ps2_task.o
    0x080093a4   0x080093a4   0x00000008   Code   RO          301    i.PS2_Task          freertos.o
    0x080093ac   0x080093ac   0x00000060   Code   RO         7491    i.PS2_TurnOnAnalogMode  ps2_task.o
    0x0800940c   0x0800940c   0x00000254   Code   RO         7494    i.PS2_data_process  ps2_task.o
    0x08009660   0x08009660   0x00000074   Code   RO         7495    i.PS2_data_read     ps2_task.o
    0x080096d4   0x080096d4   0x00000038   Code   RO         7366    i.Pensation_init    chassisr_task.o
    0x0800970c   0x0800970c   0x00000048   Code   RO           15    i.PeriphCommonClock_Config  main.o
    0x08009754   0x08009754   0x00000164   Code   RO         1004    i.RCCEx_PLL2_Config  stm32h7xx_hal_rcc_ex.o
    0x080098b8   0x080098b8   0x00000164   Code   RO         1005    i.RCCEx_PLL3_Config  stm32h7xx_hal_rcc_ex.o
    0x08009a1c   0x08009a1c   0x0000012e   Code   RO         5506    i.RotationMatrix_update  mahony_filter.o
    0x08009b4a   0x08009b4a   0x00000002   PAD
    0x08009b4c   0x08009b4c   0x00000010   Code   RO          577    i.SPI2_IRQHandler   stm32h7xx_it.o
    0x08009b5c   0x08009b5c   0x000000d6   Code   RO         3886    i.SPI_CloseTransfer  stm32h7xx_hal_spi.o
    0x08009c32   0x08009c32   0x0000001c   Code   RO         3887    i.SPI_DMAAbortOnError  stm32h7xx_hal_spi.o
    0x08009c4e   0x08009c4e   0x0000001a   Code   RO         3897    i.SPI_GetPacketSize  stm32h7xx_hal_spi.o
    0x08009c68   0x08009c68   0x00000042   Code   RO         3904    i.SPI_WaitOnFlagUntilTimeout  stm32h7xx_hal_spi.o
    0x08009caa   0x08009caa   0x0000000a   Code   RO          302    i.StartDefaultTask  freertos.o
    0x08009cb4   0x08009cb4   0x00000034   Code   RO         7166    i.SysTick_Handler   port.o
    0x08009ce8   0x08009ce8   0x000000b4   Code   RO           16    i.SystemClock_Config  main.o
    0x08009d9c   0x08009d9c   0x000000e0   Code   RO         5220    i.SystemInit        system_stm32h7xx.o
    0x08009e7c   0x08009e7c   0x00000010   Code   RO          578    i.TIM2_IRQHandler   stm32h7xx_it.o
    0x08009e8c   0x08009e8c   0x000000e0   Code   RO         4284    i.TIM_Base_SetConfig  stm32h7xx_hal_tim.o
    0x08009f6c   0x08009f6c   0x000000ac   Code   RO         4297    i.TIM_OC1_SetConfig  stm32h7xx_hal_tim.o
    0x0800a018   0x0800a018   0x000000b4   Code   RO         4298    i.TIM_OC2_SetConfig  stm32h7xx_hal_tim.o
    0x0800a0cc   0x0800a0cc   0x000000b4   Code   RO         4299    i.TIM_OC3_SetConfig  stm32h7xx_hal_tim.o
    0x0800a180   0x0800a180   0x00000074   Code   RO         4300    i.TIM_OC4_SetConfig  stm32h7xx_hal_tim.o
    0x0800a1f4   0x0800a1f4   0x00000070   Code   RO         4301    i.TIM_OC5_SetConfig  stm32h7xx_hal_tim.o
    0x0800a264   0x0800a264   0x00000070   Code   RO         4302    i.TIM_OC6_SetConfig  stm32h7xx_hal_tim.o
    0x0800a2d4   0x0800a2d4   0x00000004   Code   RO          579    i.UsageFault_Handler  stm32h7xx_it.o
    0x0800a2d8   0x0800a2d8   0x0000039c   Code   RO         5647    i.VMC_calc_1_left   vmc_calc.o
    0x0800a674   0x0800a674   0x0000038c   Code   RO         5648    i.VMC_calc_1_right  vmc_calc.o
    0x0800aa00   0x0800aa00   0x00000196   Code   RO         5649    i.VMC_calc_2        vmc_calc.o
    0x0800ab96   0x0800ab96   0x00000002   PAD
    0x0800ab98   0x0800ab98   0x00000038   Code   RO         5650    i.VMC_init          vmc_calc.o
    0x0800abd0   0x0800abd0   0x00000026   Code   RO         8178    i.__ARM_fpclassifyf  m_wv.l(fpclassifyf.o)
    0x0800abf6   0x0800abf6   0x00000002   PAD
    0x0800abf8   0x0800abf8   0x00000010   Code   RO          749    i.__NVIC_GetPriorityGrouping  stm32h7xx_hal_cortex.o
    0x0800ac08   0x0800ac08   0x00000028   Code   RO          750    i.__NVIC_SetPriority  stm32h7xx_hal_cortex.o
    0x0800ac30   0x0800ac30   0x00000138   Code   RO         8089    i.__hardfp_asinf    m_wv.l(asinf.o)
    0x0800ad68   0x0800ad68   0x00000258   Code   RO         8101    i.__hardfp_atan2f   m_wv.l(atan2f.o)
    0x0800afc0   0x0800afc0   0x00000066   Code   RO         8113    i.__hardfp_sqrt     m_wv.l(sqrt.o)
    0x0800b026   0x0800b026   0x0000003a   Code   RO         8125    i.__hardfp_sqrtf    m_wv.l(sqrtf.o)
    0x0800b060   0x0800b060   0x00000006   Code   RO         8181    i.__mathlib_flt_infnan  m_wv.l(funder.o)
    0x0800b066   0x0800b066   0x00000006   Code   RO         8182    i.__mathlib_flt_infnan2  m_wv.l(funder.o)
    0x0800b06c   0x0800b06c   0x00000010   Code   RO         8183    i.__mathlib_flt_invalid  m_wv.l(funder.o)
    0x0800b07c   0x0800b07c   0x00000010   Code   RO         8186    i.__mathlib_flt_underflow  m_wv.l(funder.o)
    0x0800b08c   0x0800b08c   0x0000000e   Code   RO         8226    i.__scatterload_copy  mc_w.l(handlers.o)
    0x0800b09a   0x0800b09a   0x00000002   Code   RO         8227    i.__scatterload_null  mc_w.l(handlers.o)
    0x0800b09c   0x0800b09c   0x0000000e   Code   RO         8228    i.__scatterload_zeroinit  mc_w.l(handlers.o)
    0x0800b0aa   0x0800b0aa   0x00000002   PAD
    0x0800b0ac   0x0800b0ac   0x0000000c   Code   RO         8216    i.__set_errno       mc_w.l(errno.o)
    0x0800b0b8   0x0800b0b8   0x0000016c   Code   RO         5263    i.bmi088_accel_init  bmi088driver.o
    0x0800b224   0x0800b224   0x00000130   Code   RO         5264    i.bmi088_gyro_init  bmi088driver.o
    0x0800b354   0x0800b354   0x0000007e   Code   RO         7693    i.canx_send_data    can_bsp.o
    0x0800b3d2   0x0800b3d2   0x00000002   PAD
    0x0800b3d4   0x0800b3d4   0x00000294   Code   RO         7306    i.chassisL_control_loop  chassisl_task.o
    0x0800b668   0x0800b668   0x0000004c   Code   RO         7307    i.chassisL_feedback_update  chassisl_task.o
    0x0800b6b4   0x0800b6b4   0x000002f8   Code   RO         7367    i.chassisR_control_loop  chassisr_task.o
    0x0800b9ac   0x0800b9ac   0x0000009c   Code   RO         7368    i.chassisR_feedback_update  chassisr_task.o
    0x0800ba48   0x0800ba48   0x0000009a   Code   RO         5404    i.dm4310_fbdata     dm4310_drv.o
    0x0800bae2   0x0800bae2   0x00000002   PAD
    0x0800bae4   0x0800bae4   0x000000a4   Code   RO         5405    i.dm6215_fbdata     dm4310_drv.o
    0x0800bb88   0x0800bb88   0x00000042   Code   RO         5406    i.enable_motor_mode  dm4310_drv.o
    0x0800bbca   0x0800bbca   0x0000000a   Code   RO         5265    i.fabsf             bmi088driver.o
    0x0800bbd4   0x0800bbd4   0x00000032   Code   RO         5407    i.float_to_uint     dm4310_drv.o
    0x0800bc06   0x0800bc06   0x00000064   Code   RO         5651    i.ground_detectionL  vmc_calc.o
    0x0800bc6a   0x0800bc6a   0x00000064   Code   RO         5652    i.ground_detectionR  vmc_calc.o
    0x0800bcce   0x0800bcce   0x00000006   Code   RO         5408    i.joint_motor_init  dm4310_drv.o
    0x0800bcd4   0x0800bcd4   0x00000032   Code   RO         7496    i.jump_key          ps2_task.o
    0x0800bd06   0x0800bd06   0x00000002   PAD
    0x0800bd08   0x0800bd08   0x000001a8   Code   RO         7308    i.jump_loop_l       chassisl_task.o
    0x0800beb0   0x0800beb0   0x00000244   Code   RO         7369    i.jump_loop_r       chassisr_task.o
    0x0800c0f4   0x0800c0f4   0x00000038   Code   RO         5507    i.mahony_init       mahony_filter.o
    0x0800c12c   0x0800c12c   0x0000001e   Code   RO         5508    i.mahony_input      mahony_filter.o
    0x0800c14a   0x0800c14a   0x0000004a   Code   RO         5509    i.mahony_output     mahony_filter.o
    0x0800c194   0x0800c194   0x00000286   Code   RO         5510    i.mahony_update     mahony_filter.o
    0x0800c41a   0x0800c41a   0x00000002   PAD
    0x0800c41c   0x0800c41c   0x00000070   Code   RO           17    i.main              main.o
    0x0800c48c   0x0800c48c   0x0000000e   Code   RO         6731    i.makeFreeRtosPriority  cmsis_os.o
    0x0800c49a   0x0800c49a   0x00000002   PAD
    0x0800c49c   0x0800c49c   0x0000006c   Code   RO         8151    i.malloc            mc_w.l(malloc.o)
    0x0800c508   0x0800c508   0x000000f0   Code   RO         5409    i.mit_ctrl          dm4310_drv.o
    0x0800c5f8   0x0800c5f8   0x000000f8   Code   RO         5410    i.mit_ctrl2         dm4310_drv.o
    0x0800c6f0   0x0800c6f0   0x00000028   Code   RO         7370    i.mySaturate        chassisr_task.o
    0x0800c718   0x0800c718   0x00000018   Code   RO         6733    i.osDelay           cmsis_os.o
    0x0800c730   0x0800c730   0x0000000a   Code   RO         6736    i.osKernelStart     cmsis_os.o
    0x0800c73a   0x0800c73a   0x00000030   Code   RO         6770    i.osThreadCreate    cmsis_os.o
    0x0800c76a   0x0800c76a   0x00000002   PAD
    0x0800c76c   0x0800c76c   0x00000098   Code   RO         6408    i.prvAddCurrentTaskToDelayedList  tasks.o
    0x0800c804   0x0800c804   0x000000b4   Code   RO         6409    i.prvAddNewTaskToReadyList  tasks.o
    0x0800c8b8   0x0800c8b8   0x00000048   Code   RO         6410    i.prvCheckTasksWaitingTermination  tasks.o
    0x0800c900   0x0800c900   0x00000012   Code   RO         6411    i.prvDeleteTCB      tasks.o
    0x0800c912   0x0800c912   0x00000002   PAD
    0x0800c914   0x0800c914   0x0000007c   Code   RO         7098    i.prvHeapInit       heap_4.o
    0x0800c990   0x0800c990   0x00000028   Code   RO         6412    i.prvIdleTask       tasks.o
    0x0800c9b8   0x0800c9b8   0x000000b4   Code   RO         6413    i.prvInitialiseNewTask  tasks.o
    0x0800ca6c   0x0800ca6c   0x00000068   Code   RO         6414    i.prvInitialiseTaskLists  tasks.o
    0x0800cad4   0x0800cad4   0x00000068   Code   RO         7099    i.prvInsertBlockIntoFreeList  heap_4.o
    0x0800cb3c   0x0800cb3c   0x00000034   Code   RO         6415    i.prvResetNextTaskUnblockTime  tasks.o
    0x0800cb70   0x0800cb70   0x00000040   Code   RO         7167    i.prvTaskExitError  port.o
    0x0800cbb0   0x0800cbb0   0x0000005c   Code   RO         7497    i.pstwo_task        ps2_task.o
    0x0800cc0c   0x0800cc0c   0x0000014c   Code   RO         7100    i.pvPortMalloc      heap_4.o
    0x0800cd58   0x0800cd58   0x0000002c   Code   RO         7168    i.pxPortInitialiseStack  port.o
    0x0800cd84   0x0800cd84   0x00000024   Code   RO         7371    i.roll_pid_init     chassisr_task.o
    0x0800cda8   0x0800cda8   0x00000074   Code   RO         5809    i.slope_following   user_lib.o
    0x0800ce1c   0x0800ce1c   0x0000003e   Code   RO         8127    i.sqrtf             m_wv.l(sqrtf.o)
    0x0800ce5a   0x0800ce5a   0x00000034   Code   RO         5413    i.uint_to_float     dm4310_drv.o
    0x0800ce8e   0x0800ce8e   0x00000028   Code   RO         6061    i.uxListRemove      list.o
    0x0800ceb6   0x0800ceb6   0x0000001a   Code   RO         6062    i.vListInitialise   list.o
    0x0800ced0   0x0800ced0   0x00000006   Code   RO         6063    i.vListInitialiseItem  list.o
    0x0800ced6   0x0800ced6   0x00000034   Code   RO         6064    i.vListInsert       list.o
    0x0800cf0a   0x0800cf0a   0x00000018   Code   RO         6065    i.vListInsertEnd    list.o
    0x0800cf22   0x0800cf22   0x00000002   PAD
    0x0800cf24   0x0800cf24   0x00000054   Code   RO         7170    i.vPortEnterCritical  port.o
    0x0800cf78   0x0800cf78   0x0000003c   Code   RO         7171    i.vPortExitCritical  port.o
    0x0800cfb4   0x0800cfb4   0x000000a4   Code   RO         7101    i.vPortFree         heap_4.o
    0x0800d058   0x0800d058   0x00000028   Code   RO         7172    i.vPortSetupTimerInterrupt  port.o
    0x0800d080   0x0800d080   0x0000005c   Code   RO         6424    i.vTaskDelay        tasks.o
    0x0800d0dc   0x0800d0dc   0x00000088   Code   RO         6437    i.vTaskStartScheduler  tasks.o
    0x0800d164   0x0800d164   0x00000010   Code   RO         6439    i.vTaskSuspendAll   tasks.o
    0x0800d174   0x0800d174   0x0000008c   Code   RO         6440    i.vTaskSwitchContext  tasks.o
    0x0800d200   0x0800d200   0x00000006   Code   RO         5414    i.wheel_motor_init  dm4310_drv.o
    0x0800d206   0x0800d206   0x00000002   PAD
    0x0800d208   0x0800d208   0x00000168   Code   RO         7174    i.xPortStartScheduler  port.o
    0x0800d370   0x0800d370   0x00000060   Code   RO         6443    i.xTaskCreate       tasks.o
    0x0800d3d0   0x0800d3d0   0x00000148   Code   RO         6450    i.xTaskIncrementTick  tasks.o
    0x0800d518   0x0800d518   0x00000104   Code   RO         6456    i.xTaskResumeAll    tasks.o
    0x0800d61c   0x0800d61c   0x00000074   Code   RO         7437    i.xvEstimateKF_Init  observe_task.o
    0x0800d690   0x0800d690   0x00000048   Code   RO         7438    i.xvEstimateKF_Update  observe_task.o
    0x0800d6d8   0x0800d6d8   0x00000078   Data   RO          303    .constdata          freertos.o
    0x0800d750   0x0800d750   0x00000008   Data   RO         1613    .constdata          stm32h7xx_hal_dma.o
    0x0800d758   0x0800d758   0x0000005c   Data   RO         3337    .constdata          stm32h7xx_hal_fdcan.o
    0x0800d7b4   0x0800d7b4   0x00000010   Data   RO         5221    .constdata          system_stm32h7xx.o
    0x0800d7c4   0x0800d7c4   0x0000000c   Data   RO         7310    .constdata          chassisl_task.o
    0x0800d7d0   0x0800d7d0   0x00000030   Data   RO         7373    .constdata          chassisr_task.o
    0x0800d800   0x0800d800   0x00000010   Data   RO         7440    .constdata          observe_task.o
    0x0800d810   0x0800d810   0x00000054   Data   RO          304    .conststring        freertos.o
    0x0800d864   0x0800d864   0x00000804   Data   RO         8069    .rodata.sinTable_f32  arm_cortexM7lfdp_math.lib(arm_common_tables.o)
    0x0800e068   0x0800e068   0x00000020   Data   RO         8224    Region$$Table       anon$$obj.o


    Execution Region RW_IRAM1 (Exec base: 0x20000000, Load base: 0x0800e088, Size: 0x00000000, Max: 0x00020000, ABSOLUTE)

    **** No section assigned to this execution region ****


    Execution Region RW_IRAM2 (Exec base: 0x24000000, Load base: 0x0800e088, Size: 0x00009260, Max: 0x00050000, ABSOLUTE, COMPRESSED[0x0000018c])

    Exec Addr    Load Addr    Size         Type   Attr      Idx    E Section Name        Object

    0x24000000   COMPRESSED   0x00000018   Data   RW          305    .data               freertos.o
    0x24000018   COMPRESSED   0x00000004   Data   RW          428    .data               fdcan.o
    0x2400001c   COMPRESSED   0x00000009   Data   RW         2345    .data               stm32h7xx_hal.o
    0x24000025   COMPRESSED   0x00000003   PAD
    0x24000028   COMPRESSED   0x00000008   Data   RW         5222    .data               system_stm32h7xx.o
    0x24000030   COMPRESSED   0x0000004a   Data   RW         5267    .data               bmi088driver.o
    0x2400007a   COMPRESSED   0x00000002   PAD
    0x2400007c   COMPRESSED   0x00000004   Data   RW         5352    .data               bmi088middleware.o
    0x24000080   COMPRESSED   0x00000010   Data   RW         5653    .data               vmc_calc.o
    0x24000090   COMPRESSED   0x00000004   Data   RW         5723    .data               kalman_filter.o
    0x24000094   COMPRESSED   0x0000003c   Data   RW         6459    .data               tasks.o
    0x240000d0   COMPRESSED   0x00000020   Data   RW         7107    .data               heap_4.o
    0x240000f0   COMPRESSED   0x0000000c   Data   RW         7175    .data               port.o
    0x240000fc   COMPRESSED   0x0000001c   Data   RW         7250    .data               ins_task.o
    0x24000118   COMPRESSED   0x00000035   Data   RW         7311    .data               chassisl_task.o
    0x2400014d   COMPRESSED   0x00000003   PAD
    0x24000150   COMPRESSED   0x000000f9   Data   RW         7374    .data               chassisr_task.o
    0x24000249   COMPRESSED   0x00000003   PAD
    0x2400024c   COMPRESSED   0x00000060   Data   RW         7441    .data               observe_task.o
    0x240002ac   COMPRESSED   0x00000030   Data   RW         7499    .data               ps2_task.o
    0x240002dc   COMPRESSED   0x00000004   PAD
    0x240002e0   COMPRESSED   0x00000040   Data   RW         7621    .data               bsp_dwt.o
    0x24000320   COMPRESSED   0x00000004   Data   RW         8212    .data               mc_w.l(mvars.o)
    0x24000324   COMPRESSED   0x00000004   Data   RW         8213    .data               mc_w.l(mvars.o)
    0x24000328   COMPRESSED   0x00000004   Data   RW         8217    .data               mc_w.l(errno.o)
    0x2400032c        -       0x000001e0   Zero   RW          427    .bss                fdcan.o
    0x2400050c        -       0x00000178   Zero   RW          480    .bss                spi.o
    0x24000684        -       0x0000004c   Zero   RW          523    .bss                tim.o
    0x240006d0        -       0x0000004c   Zero   RW          694    .bss                stm32h7xx_hal_timebase_tim.o
    0x2400071c        -       0x0000004c   Zero   RW         5266    .bss                bmi088driver.o
    0x24000768        -       0x000000f0   Zero   RW         6458    .bss                tasks.o
    0x24000858        -       0x00007800   Zero   RW         7106    .bss                heap_4.o
    0x24008058        -       0x00000130   Zero   RW         7249    .bss                ins_task.o
    0x24008188        -       0x000000f4   Zero   RW         7309    .bss                chassisl_task.o
    0x2400827c        -       0x000003ac   Zero   RW         7372    .bss                chassisr_task.o
    0x24008628        -       0x00000150   Zero   RW         7439    .bss                observe_task.o
    0x24008778        -       0x00000015   Zero   RW         7498    .bss                ps2_task.o
    0x2400878d   COMPRESSED   0x00000003   PAD
    0x24008790        -       0x000000d0   Zero   RW         7694    .bss                can_bsp.o
    0x24008860        -       0x00000200   Zero   RW            2    HEAP                startup_stm32h723xx.o
    0x24008a60        -       0x00000800   Zero   RW            1    STACK               startup_stm32h723xx.o


==============================================================================

Image component sizes


      Code (inc. data)   RO Data    RW Data    ZI Data      Debug   Object Name

      3420        210          0         74         76      15780   bmi088driver.o
       116         30          0          4          0       3480   bmi088middleware.o
       580        112          0         64          0       4682   bsp_dwt.o
       566         40          0          0        208       4404   can_bsp.o
      1712        114         12         53        244       6630   chassisl_task.o
      2188        178         48        249        940       7199   chassisr_task.o
        96          0          0          0          0      12879   cmsis_os.o
       986         34          0          0          0       8793   dm4310_drv.o
        68          4          0          0          0        906   dma.o
         0          0          0          0          0       5204   event_groups.o
       820         54          0          4        480       3457   fdcan.o
       230         30        204         24          0      10100   freertos.o
       372         16          0          0          0       1267   gpio.o
       724         74          0         32      30720       7599   heap_4.o
      1544         84          0         28        304       4846   ins_task.o
      3164         28          0          4          0       9331   kalman_filter.o
       148          0          0          0          0       3742   list.o
      1108         16          0          0          0       6097   mahony_filter.o
       388         14          0          0          0    1243718   main.o
       608         80         16         96        336       3353   observe_task.o
       592          8          0          0          0       2578   pid.o
       894         78          0         12          0      11340   port.o
      1774        190          0         48         21      10276   ps2_task.o
         0          0          0          0          0       2117   quaternionekf.o
       476         38          0          0        376       2155   spi.o
        36          8        716          0       2560        844   startup_stm32h723xx.o
       172         34          0          9          0      23046   stm32h7xx_hal.o
       258         22          0          0          0      39330   stm32h7xx_hal_cortex.o
      5786        118          8          0          0       9795   stm32h7xx_hal_dma.o
      3586         52         92          0          0      22896   stm32h7xx_hal_fdcan.o
       524         50          0          0          0       2935   stm32h7xx_hal_gpio.o
        48          6          0          0          0        958   stm32h7xx_hal_msp.o
        96          6          0          0          0        781   stm32h7xx_hal_pwr_ex.o
      3460        110          0          0          0       7078   stm32h7xx_hal_rcc.o
      3984         54          0          0          0       4720   stm32h7xx_hal_rcc_ex.o
      2206         18          0          0          0      10281   stm32h7xx_hal_spi.o
      2338        234          0          0          0      12961   stm32h7xx_hal_tim.o
       234         38          0          0          0       3348   stm32h7xx_hal_tim_ex.o
       160         18          0          0         76       1679   stm32h7xx_hal_timebase_tim.o
       134         42          0          0          0       6437   stm32h7xx_it.o
       224         32         16          8          0       1430   system_stm32h7xx.o
      1866        268          0         60        240      18941   tasks.o
       268         32          0          0         76       2479   tim.o
       116          0          0          0          0       1606   user_lib.o
      2544         46          0         16          0       6490   vmc_calc.o

    ----------------------------------------------------------------------
     50662       2620       1144        800      36660    1569968   Object Totals
         0          0         32          0          0          0   (incl. Generated)
        48          0          0         15          3          0   (incl. Padding)

    ----------------------------------------------------------------------

      Code (inc. data)   RO Data    RW Data    ZI Data      Debug   Library Member Name

         0          0       2052          0          0       4961   arm_common_tables.o
       144         12          0          0          0       1111   arm_cos_f32.o
       190          0          0          0          0       1836   arm_mat_add_f32.o
         8          0          0          0          0        841   arm_mat_init_f32.o
       716          4          0          0          0       3547   arm_mat_inverse_f32.o
       304          4          0          0          0       2362   arm_mat_mult_f32.o
       190          0          0          0          0       1834   arm_mat_sub_f32.o
       180          0          0          0          0       1862   arm_mat_trans_f32.o
       140         12          0          0          0       1098   arm_sin_f32.o
       312         54          0          0          0        176   asinf.o
       600         98          0          0          0        184   atan2f.o
        38          0          0          0          0        116   fpclassifyf.o
        44         12          0          0          0        464   funder.o
       102          0          0          0          0        140   sqrt.o
       120          0          0          0          0        272   sqrtf.o
        86          0          0          0          0          0   __dczerorl2.o
         0          0          0          0          0          0   entry.o
         0          0          0          0          0          0   entry10a.o
         0          0          0          0          0          0   entry11a.o
         8          4          0          0          0          0   entry2.o
         4          0          0          0          0          0   entry5.o
         0          0          0          0          0          0   entry7b.o
         0          0          0          0          0          0   entry8b.o
         8          4          0          0          0          0   entry9a.o
        12          6          0          4          0         68   errno.o
        30          0          0          0          0          0   handlers.o
        36          8          0          0          0         68   init.o
         0          0          0          0          0          0   iusefp.o
        30          0          0          0          0         68   llshl.o
        32          0          0          0          0         68   llushr.o
       108         16          0          0          0         84   malloc.o
        36          0          0          0          0         68   memcpya.o
        36          0          0          0          0        108   memseta.o
         0          0          0          8          0          0   mvars.o
        98          0          0          0          0         92   uldiv.o

    ----------------------------------------------------------------------
      3622        234       2052         12          0      21428   Library Totals
        10          0          0          0          0          0   (incl. Padding)

    ----------------------------------------------------------------------

      Code (inc. data)   RO Data    RW Data    ZI Data      Debug   Library Name

      1872         32       2052          0          0      19452   arm_cortexM7lfdp_math.lib
      1216        164          0          0          0       1352   m_wv.l
       524         38          0         12          0        624   mc_w.l

    ----------------------------------------------------------------------
      3622        234       2052         12          0      21428   Library Totals

    ----------------------------------------------------------------------

==============================================================================


      Code (inc. data)   RO Data    RW Data    ZI Data      Debug   

     54284       2854       3196        812      36660    1566760   Grand Totals
     54284       2854       3196        396      36660    1566760   ELF Image Totals (compressed)
     54284       2854       3196        396          0          0   ROM Totals

==============================================================================

    Total RO  Size (Code + RO Data)                57480 (  56.13kB)
    Total RW  Size (RW Data + ZI Data)             37472 (  36.59kB)
    Total ROM Size (Code + RO Data + RW Data)      57876 (  56.52kB)

==============================================================================

